Archive member included to satisfy reference by file (symbol)

/home/aignacio/opt/gcc-arm-none-eabi-6-2017-q1-update/bin/../lib/gcc/arm-none-eabi/6.3.1/thumb/v7-m/libgcc.a(unwind-arm.o)
                              ./system/src/newlib/_cxx.o (__aeabi_unwind_cpp_pr1)
/home/aignacio/opt/gcc-arm-none-eabi-6-2017-q1-update/bin/../lib/gcc/arm-none-eabi/6.3.1/thumb/v7-m/libgcc.a(libunwind.o)
                              /home/aignacio/opt/gcc-arm-none-eabi-6-2017-q1-update/bin/../lib/gcc/arm-none-eabi/6.3.1/thumb/v7-m/libgcc.a(unwind-arm.o) (restore_core_regs)
/home/aignacio/opt/gcc-arm-none-eabi-6-2017-q1-update/bin/../lib/gcc/arm-none-eabi/6.3.1/thumb/v7-m/libgcc.a(pr-support.o)
                              /home/aignacio/opt/gcc-arm-none-eabi-6-2017-q1-update/bin/../lib/gcc/arm-none-eabi/6.3.1/thumb/v7-m/libgcc.a(unwind-arm.o) (__gnu_unwind_execute)
/home/aignacio/opt/gcc-arm-none-eabi-6-2017-q1-update/bin/../lib/gcc/arm-none-eabi/6.3.1/../../../../arm-none-eabi/lib/thumb/v7-m/libg_nano.a(lib_a-errno.o)
                              ./system/src/newlib/_sbrk.o (__errno)
/home/aignacio/opt/gcc-arm-none-eabi-6-2017-q1-update/bin/../lib/gcc/arm-none-eabi/6.3.1/../../../../arm-none-eabi/lib/thumb/v7-m/libg_nano.a(lib_a-impure.o)
                              /home/aignacio/opt/gcc-arm-none-eabi-6-2017-q1-update/bin/../lib/gcc/arm-none-eabi/6.3.1/../../../../arm-none-eabi/lib/thumb/v7-m/libg_nano.a(lib_a-errno.o) (_impure_ptr)
/home/aignacio/opt/gcc-arm-none-eabi-6-2017-q1-update/bin/../lib/gcc/arm-none-eabi/6.3.1/../../../../arm-none-eabi/lib/thumb/v7-m/libg_nano.a(lib_a-init.o)
                              ./system/src/cmsis/startup_stm32f103xb.o (__libc_init_array)
/home/aignacio/opt/gcc-arm-none-eabi-6-2017-q1-update/bin/../lib/gcc/arm-none-eabi/6.3.1/../../../../arm-none-eabi/lib/thumb/v7-m/libg_nano.a(lib_a-memcpy-stub.o)
                              /home/aignacio/opt/gcc-arm-none-eabi-6-2017-q1-update/bin/../lib/gcc/arm-none-eabi/6.3.1/thumb/v7-m/libgcc.a(unwind-arm.o) (memcpy)
/home/aignacio/opt/gcc-arm-none-eabi-6-2017-q1-update/bin/../lib/gcc/arm-none-eabi/6.3.1/../../../../arm-none-eabi/lib/thumb/v7-m/libg_nano.a(lib_a-sprintf.o)
                              ./src/main.o (sprintf)
/home/aignacio/opt/gcc-arm-none-eabi-6-2017-q1-update/bin/../lib/gcc/arm-none-eabi/6.3.1/../../../../arm-none-eabi/lib/thumb/v7-m/libg_nano.a(lib_a-strlen.o)
                              ./system/src/diag/Trace.o (strlen)
/home/aignacio/opt/gcc-arm-none-eabi-6-2017-q1-update/bin/../lib/gcc/arm-none-eabi/6.3.1/../../../../arm-none-eabi/lib/thumb/v7-m/libg_nano.a(lib_a-vsnprintf.o)
                              ./system/src/diag/Trace.o (vsnprintf)
/home/aignacio/opt/gcc-arm-none-eabi-6-2017-q1-update/bin/../lib/gcc/arm-none-eabi/6.3.1/../../../../arm-none-eabi/lib/thumb/v7-m/libg_nano.a(lib_a-nano-svfprintf.o)
                              /home/aignacio/opt/gcc-arm-none-eabi-6-2017-q1-update/bin/../lib/gcc/arm-none-eabi/6.3.1/../../../../arm-none-eabi/lib/thumb/v7-m/libg_nano.a(lib_a-sprintf.o) (_svfprintf_r)
/home/aignacio/opt/gcc-arm-none-eabi-6-2017-q1-update/bin/../lib/gcc/arm-none-eabi/6.3.1/../../../../arm-none-eabi/lib/thumb/v7-m/libg_nano.a(lib_a-nano-vfprintf_i.o)
                              /home/aignacio/opt/gcc-arm-none-eabi-6-2017-q1-update/bin/../lib/gcc/arm-none-eabi/6.3.1/../../../../arm-none-eabi/lib/thumb/v7-m/libg_nano.a(lib_a-nano-svfprintf.o) (_printf_i)
/home/aignacio/opt/gcc-arm-none-eabi-6-2017-q1-update/bin/../lib/gcc/arm-none-eabi/6.3.1/../../../../arm-none-eabi/lib/thumb/v7-m/libg_nano.a(lib_a-memchr-stub.o)
                              /home/aignacio/opt/gcc-arm-none-eabi-6-2017-q1-update/bin/../lib/gcc/arm-none-eabi/6.3.1/../../../../arm-none-eabi/lib/thumb/v7-m/libg_nano.a(lib_a-nano-svfprintf.o) (memchr)
/home/aignacio/opt/gcc-arm-none-eabi-6-2017-q1-update/bin/../lib/gcc/arm-none-eabi/6.3.1/../../../../arm-none-eabi/lib/thumb/v7-m/libg_nano.a(lib_a-memmove.o)
                              /home/aignacio/opt/gcc-arm-none-eabi-6-2017-q1-update/bin/../lib/gcc/arm-none-eabi/6.3.1/../../../../arm-none-eabi/lib/thumb/v7-m/libg_nano.a(lib_a-nano-svfprintf.o) (memmove)
/home/aignacio/opt/gcc-arm-none-eabi-6-2017-q1-update/bin/../lib/gcc/arm-none-eabi/6.3.1/../../../../arm-none-eabi/lib/thumb/v7-m/libg_nano.a(lib_a-nano-freer.o)
                              /home/aignacio/opt/gcc-arm-none-eabi-6-2017-q1-update/bin/../lib/gcc/arm-none-eabi/6.3.1/../../../../arm-none-eabi/lib/thumb/v7-m/libg_nano.a(lib_a-nano-svfprintf.o) (_free_r)
/home/aignacio/opt/gcc-arm-none-eabi-6-2017-q1-update/bin/../lib/gcc/arm-none-eabi/6.3.1/../../../../arm-none-eabi/lib/thumb/v7-m/libg_nano.a(lib_a-nano-mallocr.o)
                              /home/aignacio/opt/gcc-arm-none-eabi-6-2017-q1-update/bin/../lib/gcc/arm-none-eabi/6.3.1/../../../../arm-none-eabi/lib/thumb/v7-m/libg_nano.a(lib_a-nano-svfprintf.o) (_malloc_r)
[...]
Memory Configuration

Name             Origin             Length             Attributes
FLASH            0x0000000008000000 0x0000000000010000 xr
RAM              0x0000000020000000 0x0000000000005000 xrw
CCMRAM           0x0000000010000000 0x0000000000000000 xrw
FLASHB1          0x0000000000000000 0x0000000000000000 xr
EXTMEMB0         0x0000000000000000 0x0000000000000000 xr
EXTMEMB1         0x0000000000000000 0x0000000000000000 xr
EXTMEMB2         0x0000000000000000 0x0000000000000000 xr
EXTMEMB3         0x0000000000000000 0x0000000000000000 xr
*default*        0x0000000000000000 0xffffffffffffffff

Linker script and memory map

LOAD ./system/src/stm32f1xx/stm32f1xx_hal.o
LOAD ./system/src/stm32f1xx/stm32f1xx_hal_cortex.o
LOAD ./system/src/stm32f1xx/stm32f1xx_hal_dma.o
LOAD ./system/src/stm32f1xx/stm32f1xx_hal_flash.o
LOAD ./system/src/stm32f1xx/stm32f1xx_hal_flash_ex.o
LOAD ./system/src/stm32f1xx/stm32f1xx_hal_gpio.o
LOAD ./system/src/stm32f1xx/stm32f1xx_hal_gpio_ex.o
LOAD ./system/src/stm32f1xx/stm32f1xx_hal_pcd.o
LOAD ./system/src/stm32f1xx/stm32f1xx_hal_pcd_ex.o
LOAD ./system/src/stm32f1xx/stm32f1xx_hal_pwr.o
LOAD ./system/src/stm32f1xx/stm32f1xx_hal_rcc.o
LOAD ./system/src/stm32f1xx/stm32f1xx_hal_rcc_ex.o
LOAD ./system/src/stm32f1xx/stm32f1xx_ll_usb.o
LOAD ./system/src/newlib/_cxx.o
LOAD ./system/src/newlib/_exit.o
LOAD ./system/src/newlib/_sbrk.o
LOAD ./system/src/newlib/_startup.o
LOAD ./system/src/newlib/_syscalls.o
LOAD ./system/src/newlib/assert.o
LOAD ./system/src/diag/Trace.o
LOAD ./system/src/diag/trace_impl.o
LOAD ./system/src/cortexm/_initialize_hardware.o
LOAD ./system/src/cortexm/_reset_hardware.o
LOAD ./system/src/cortexm/exception_handlers.o
LOAD ./system/src/cmsis/startup_stm32f103xb.o
LOAD ./system/src/cmsis/system_stm32f1xx.o
LOAD ./src/main.o
LOAD ./src/stm32f1xx_hal_msp.o
LOAD ./src/stm32f1xx_it.o
LOAD ./src/usb_device.o
LOAD ./src/usbd_cdc_if.o
LOAD ./src/usbd_conf.o
LOAD ./src/usbd_desc.o
LOAD ./Middlewares/ST/STM32_USB_Device_Library/Core/Src/usbd_core.o
LOAD ./Middlewares/ST/STM32_USB_Device_Library/Core/Src/usbd_ctlreq.o
LOAD ./Middlewares/ST/STM32_USB_Device_Library/Core/Src/usbd_ioreq.o
LOAD ./Middlewares/ST/STM32_USB_Device_Library/Class/CDC/Src/usbd_cdc.o
LOAD /home/aignacio/opt/gcc-arm-none-eabi-6-2017-q1-update/bin/../lib/gcc/arm-none-eabi/6.3.1/../../../../arm-none-eabi/lib/thumb/v7-m/libstdc++_nano.a
LOAD /home/aignacio/opt/gcc-arm-none-eabi-6-2017-q1-update/bin/../lib/gcc/arm-none-eabi/6.3.1/../../../../arm-none-eabi/lib/thumb/v7-m/libm.a
START GROUP
LOAD /home/aignacio/opt/gcc-arm-none-eabi-6-2017-q1-update/bin/../lib/gcc/arm-none-eabi/6.3.1/thumb/v7-m/libgcc.a
LOAD /home/aignacio/opt/gcc-arm-none-eabi-6-2017-q1-update/bin/../lib/gcc/arm-none-eabi/6.3.1/../../../../arm-none-eabi/lib/thumb/v7-m/libg_nano.a
LOAD /home/aignacio/opt/gcc-arm-none-eabi-6-2017-q1-update/bin/../lib/gcc/arm-none-eabi/6.3.1/../../../../arm-none-eabi/lib/thumb/v7-m/libc_nano.a
END GROUP
START GROUP
LOAD /home/aignacio/opt/gcc-arm-none-eabi-6-2017-q1-update/bin/../lib/gcc/arm-none-eabi/6.3.1/thumb/v7-m/libgcc.a
LOAD /home/aignacio/opt/gcc-arm-none-eabi-6-2017-q1-update/bin/../lib/gcc/arm-none-eabi/6.3.1/../../../../arm-none-eabi/lib/thumb/v7-m/libc_nano.a
END GROUP
                0x0000000020005000                __stack = (ORIGIN (RAM) + LENGTH (RAM))
                0x0000000020005000                _estack = __stack
                0x0000000000000400                __Main_Stack_Size = 0x400
                [!provide]                        PROVIDE (_Main_Stack_Size, __Main_Stack_Size)
                0x0000000020004c00                __Main_Stack_Limit = (__stack - __Main_Stack_Size)
                [!provide]                        PROVIDE (_Main_Stack_Limit, __Main_Stack_Limit)
                0x0000000000000100                _Minimum_Stack_Size = 0x100
                0x0000000020000cdc                PROVIDE (_Heap_Begin, _end_noinit)
                0x0000000020004c00                PROVIDE (_Heap_Limit, (__stack - __Main_Stack_Size))

.isr_vector     0x0000000008000000      0x34c
 FILL mask 0xff
                0x0000000008000000                __vectors_start = ABSOLUTE (.)
                0x0000000008000000                __vectors_start__ = ABSOLUTE (.)
 *(.isr_vector)
 .isr_vector    0x0000000008000000      0x10c ./system/src/cmsis/startup_stm32f103xb.o
                0x0000000008000000                g_pfnVectors
 *(.cfmconfig)
 *(.after_vectors .after_vectors.*)
 .after_vectors
                0x000000000800010c      0x114 ./system/src/newlib/_startup.o
                0x000000000800010c                _start
 .after_vectors
                0x0000000008000220      0x12c ./system/src/cortexm/exception_handlers.o
                0x0000000008000220                Reset_Handler
                0x000000000800023e                HardFault_Handler_C
                0x00000000080002b4                BusFault_Handler_C
                0x00000000080002fc                UsageFault_Handler_C

.inits          0x000000000800034c       0x28
                0x000000000800034c                __data_regions_array_start = .
                0x000000000800034c        0x4 LONG 0x8003f44 LOADADDR (.data)
                0x0000000008000350        0x4 LONG 0x20000000 ADDR (.data)
                0x0000000008000354        0x4 LONG 0x200001cc (ADDR (.data) + SIZEOF (.data))
                0x0000000008000358        0x4 LONG 0x8003f44 LOADADDR (.data_CCMRAM)
                0x000000000800035c        0x4 LONG 0x10000000 ADDR (.data_CCMRAM)
                0x0000000008000360        0x4 LONG 0x10000000 (ADDR (.data_CCMRAM) + SIZEOF (.data_CCMRAM))
                0x0000000008000364                __data_regions_array_end = .
                0x0000000008000364                __bss_regions_array_start = .
                0x0000000008000364        0x4 LONG 0x200001cc ADDR (.bss)
                0x0000000008000368        0x4 LONG 0x20000cdc (ADDR (.bss) + SIZEOF (.bss))
                0x000000000800036c        0x4 LONG 0x10000000 ADDR (.bss_CCMRAM)
                0x0000000008000370        0x4 LONG 0x10000000 (ADDR (.bss_CCMRAM) + SIZEOF (.bss_CCMRAM))
                0x0000000008000374                __bss_regions_array_end = .
 *(.init)
 *(.fini)
                0x0000000008000374                . = ALIGN (0x4)
                0x0000000008000374                PROVIDE (__preinit_array_start, .)
 *(.preinit_array_sysinit .preinit_array_sysinit.*)
 *(.preinit_array_platform .preinit_array_platform.*)
 *(.preinit_array .preinit_array.*)
                0x0000000008000374                PROVIDE (__preinit_array_end, .)
                0x0000000008000374                . = ALIGN (0x4)
                0x0000000008000374                PROVIDE (__init_array_start, .)
 *(SORT(.init_array.*))
 *(.init_array)
                0x0000000008000374                PROVIDE (__init_array_end, .)
                0x0000000008000374                . = ALIGN (0x4)
                0x0000000008000374                PROVIDE (__fini_array_start, .)
 *(SORT(.fini_array.*))
 *(.fini_array)
                0x0000000008000374                PROVIDE (__fini_array_end, .)

.flashtext
 *(.flashtext .flashtext.*)

.text           0x0000000008000374     0x3bcf
 *(.text .text.*)
 .text.HAL_InitTick
                0x0000000008000374       0x28 ./system/src/stm32f1xx/stm32f1xx_hal.o
                0x0000000008000374                HAL_InitTick
 .text.HAL_Init
                0x000000000800039c       0x24 ./system/src/stm32f1xx/stm32f1xx_hal.o
                0x000000000800039c                HAL_Init
 .text.HAL_IncTick
                0x00000000080003c0       0x10 ./system/src/stm32f1xx/stm32f1xx_hal.o
                0x00000000080003c0                HAL_IncTick
 .text.HAL_GetTick
                0x00000000080003d0        0xc ./system/src/stm32f1xx/stm32f1xx_hal.o
                0x00000000080003d0                HAL_GetTick
 .text.HAL_Delay
                0x00000000080003dc       0x1c ./system/src/stm32f1xx/stm32f1xx_hal.o
                0x00000000080003dc                HAL_Delay
 .text.HAL_NVIC_SetPriorityGrouping
                0x00000000080003f8       0x24 ./system/src/stm32f1xx/stm32f1xx_hal_cortex.o
                0x00000000080003f8                HAL_NVIC_SetPriorityGrouping
 .text.HAL_NVIC_SetPriority
                0x000000000800041c       0x64 ./system/src/stm32f1xx/stm32f1xx_hal_cortex.o
                0x000000000800041c                HAL_NVIC_SetPriority
 .text.HAL_NVIC_EnableIRQ
                0x0000000008000480       0x18 ./system/src/stm32f1xx/stm32f1xx_hal_cortex.o
                0x0000000008000480                HAL_NVIC_EnableIRQ
 .text.HAL_SYSTICK_Config
                0x0000000008000498       0x2c ./system/src/stm32f1xx/stm32f1xx_hal_cortex.o
                0x0000000008000498                HAL_SYSTICK_Config
 .text.HAL_SYSTICK_CLKSourceConfig
                0x00000000080004c4       0x20 ./system/src/stm32f1xx/stm32f1xx_hal_cortex.o
                0x00000000080004c4                HAL_SYSTICK_CLKSourceConfig
 .text.HAL_SYSTICK_Callback
                0x00000000080004e4        0x2 ./system/src/stm32f1xx/stm32f1xx_hal_cortex.o
                0x00000000080004e4                HAL_SYSTICK_Callback
 .text.HAL_SYSTICK_IRQHandler
                0x00000000080004e6        0x8 ./system/src/stm32f1xx/stm32f1xx_hal_cortex.o
                0x00000000080004e6                HAL_SYSTICK_IRQHandler
 .text.HAL_PCD_Init
                0x00000000080004ee       0xd6 ./system/src/stm32f1xx/stm32f1xx_hal_pcd.o
                0x00000000080004ee                HAL_PCD_Init
 .text.HAL_PCD_Start
                0x00000000080005c4       0x2e ./system/src/stm32f1xx/stm32f1xx_hal_pcd.o
                0x00000000080005c4                HAL_PCD_Start
 .text.HAL_PCD_SetAddress
                0x00000000080005f2       0x28 ./system/src/stm32f1xx/stm32f1xx_hal_pcd.o
                0x00000000080005f2                HAL_PCD_SetAddress
 .text.HAL_PCD_EP_Open
                0x000000000800061a       0x52 ./system/src/stm32f1xx/stm32f1xx_hal_pcd.o
                0x000000000800061a                HAL_PCD_EP_Open
 .text.HAL_PCD_EP_Close
                0x000000000800066c       0x4e ./system/src/stm32f1xx/stm32f1xx_hal_pcd.o
                0x000000000800066c                HAL_PCD_EP_Close
 .text.HAL_PCD_EP_Receive
                0x00000000080006ba       0x56 ./system/src/stm32f1xx/stm32f1xx_hal_pcd.o
                0x00000000080006ba                HAL_PCD_EP_Receive
 .text.HAL_PCD_EP_GetRxCount
                0x0000000008000710        0xe ./system/src/stm32f1xx/stm32f1xx_hal_pcd.o
                0x0000000008000710                HAL_PCD_EP_GetRxCount
 .text.HAL_PCD_EP_Transmit
                0x000000000800071e       0x54 ./system/src/stm32f1xx/stm32f1xx_hal_pcd.o
                0x000000000800071e                HAL_PCD_EP_Transmit
 .text.PCD_EP_ISR_Handler
                0x0000000008000772      0x46e ./system/src/stm32f1xx/stm32f1xx_hal_pcd.o
 .text.HAL_PCD_IRQHandler
                0x0000000008000be0      0x15c ./system/src/stm32f1xx/stm32f1xx_hal_pcd.o
                0x0000000008000be0                HAL_PCD_IRQHandler
 .text.HAL_PCD_EP_SetStall
                0x0000000008000d3c       0x5c ./system/src/stm32f1xx/stm32f1xx_hal_pcd.o
                0x0000000008000d3c                HAL_PCD_EP_SetStall
 .text.HAL_PCD_EP_ClrStall
                0x0000000008000d98       0x4e ./system/src/stm32f1xx/stm32f1xx_hal_pcd.o
                0x0000000008000d98                HAL_PCD_EP_ClrStall
 .text.HAL_PCDEx_PMAConfig
                0x0000000008000de6       0x30 ./system/src/stm32f1xx/stm32f1xx_hal_pcd_ex.o
                0x0000000008000de6                HAL_PCDEx_PMAConfig
 *fill*         0x0000000008000e16        0x2 
 .text.HAL_RCC_OscConfig
                0x0000000008000e18      0x5e0 ./system/src/stm32f1xx/stm32f1xx_hal_rcc.o
                0x0000000008000e18                HAL_RCC_OscConfig
 .text.HAL_RCC_GetSysClockFreq
                0x00000000080013f8       0x88 ./system/src/stm32f1xx/stm32f1xx_hal_rcc.o
                0x00000000080013f8                HAL_RCC_GetSysClockFreq
 .text.HAL_RCC_ClockConfig
                0x0000000008001480      0x1d4 ./system/src/stm32f1xx/stm32f1xx_hal_rcc.o
                0x0000000008001480                HAL_RCC_ClockConfig
 .text.HAL_RCC_GetHCLKFreq
                0x0000000008001654        0xc ./system/src/stm32f1xx/stm32f1xx_hal_rcc.o
                0x0000000008001654                HAL_RCC_GetHCLKFreq
 .text.HAL_RCCEx_PeriphCLKConfig
                0x0000000008001660      0x138 ./system/src/stm32f1xx/stm32f1xx_hal_rcc_ex.o
                0x0000000008001660                HAL_RCCEx_PeriphCLKConfig
 .text.USB_CoreInit
                0x0000000008001798        0xe ./system/src/stm32f1xx/stm32f1xx_ll_usb.o
                0x0000000008001798                USB_CoreInit
 .text.USB_EnableGlobalInt
                0x00000000080017a6       0x12 ./system/src/stm32f1xx/stm32f1xx_ll_usb.o
                0x00000000080017a6                USB_EnableGlobalInt
 .text.USB_DisableGlobalInt
                0x00000000080017b8       0x14 ./system/src/stm32f1xx/stm32f1xx_ll_usb.o
                0x00000000080017b8                USB_DisableGlobalInt
 .text.USB_SetCurrentMode
                0x00000000080017cc        0x4 ./system/src/stm32f1xx/stm32f1xx_ll_usb.o
                0x00000000080017cc                USB_SetCurrentMode
 .text.USB_DevInit
                0x00000000080017d0       0x26 ./system/src/stm32f1xx/stm32f1xx_ll_usb.o
                0x00000000080017d0                USB_DevInit
 .text.USB_ActivateEndpoint
                0x00000000080017f6      0x332 ./system/src/stm32f1xx/stm32f1xx_ll_usb.o
                0x00000000080017f6                USB_ActivateEndpoint
 .text.USB_DeactivateEndpoint
                0x0000000008001b28      0x1c4 ./system/src/stm32f1xx/stm32f1xx_ll_usb.o
                0x0000000008001b28                USB_DeactivateEndpoint
 .text.USB_EPSetStall
                0x0000000008001cec       0x6e ./system/src/stm32f1xx/stm32f1xx_ll_usb.o
                0x0000000008001cec                USB_EPSetStall
 .text.USB_EPClearStall
                0x0000000008001d5a       0x92 ./system/src/stm32f1xx/stm32f1xx_ll_usb.o
                0x0000000008001d5a                USB_EPClearStall
 .text.USB_SetDevAddress
                0x0000000008001dec        0xc ./system/src/stm32f1xx/stm32f1xx_ll_usb.o
                0x0000000008001dec                USB_SetDevAddress
 .text.USB_DevConnect
                0x0000000008001df8        0x4 ./system/src/stm32f1xx/stm32f1xx_ll_usb.o
                0x0000000008001df8                USB_DevConnect
 .text.USB_DevDisconnect
                0x0000000008001dfc        0x4 ./system/src/stm32f1xx/stm32f1xx_ll_usb.o
                0x0000000008001dfc                USB_DevDisconnect
 .text.USB_ReadInterrupts
                0x0000000008001e00        0x8 ./system/src/stm32f1xx/stm32f1xx_ll_usb.o
                0x0000000008001e00                USB_ReadInterrupts
 .text.USB_EP0_OutStart
                0x0000000008001e08        0x4 ./system/src/stm32f1xx/stm32f1xx_ll_usb.o
                0x0000000008001e08                USB_EP0_OutStart
 .text.USB_WritePMA
                0x0000000008001e0c       0x2a ./system/src/stm32f1xx/stm32f1xx_ll_usb.o
                0x0000000008001e0c                USB_WritePMA
 .text.USB_EPStartXfer
                0x0000000008001e36      0x2cc ./system/src/stm32f1xx/stm32f1xx_ll_usb.o
                0x0000000008001e36                USB_EPStartXfer
 .text.USB_ReadPMA
                0x0000000008002102       0x1e ./system/src/stm32f1xx/stm32f1xx_ll_usb.o
                0x0000000008002102                USB_ReadPMA
 .text._exit    0x0000000008002120        0x2 ./system/src/newlib/_exit.o
                0x0000000008002120                _exit
 *fill*         0x0000000008002122        0x2 
 .text._sbrk    0x0000000008002124       0x44 ./system/src/newlib/_sbrk.o
                0x0000000008002124                _sbrk
 .text.__initialize_args
                0x0000000008002168       0x10 ./system/src/newlib/_syscalls.o
                0x0000000008002168                __initialize_args
 .text.trace_printf
                0x0000000008002178       0x30 ./system/src/diag/Trace.o
                0x0000000008002178                trace_printf
 .text._trace_write_semihosting_debug
                0x00000000080021a8       0x60 ./system/src/diag/trace_impl.o
 .text.trace_write
                0x0000000008002208        0x8 ./system/src/diag/trace_impl.o
                0x0000000008002208                trace_write
 .text.__initialize_hardware_early
                0x0000000008002210       0x18 ./system/src/cortexm/_initialize_hardware.o
                0x0000000008002210                __initialize_hardware_early
 .text.__initialize_hardware
                0x0000000008002228        0x8 ./system/src/cortexm/_initialize_hardware.o
                0x0000000008002228                __initialize_hardware
 .text.dumpExceptionStack
                0x0000000008002230       0xf4 ./system/src/cortexm/exception_handlers.o
                0x0000000008002230                dumpExceptionStack
 .text.isSemihosting
                0x0000000008002324       0x20 ./system/src/cortexm/exception_handlers.o
                0x0000000008002324                isSemihosting
 .text.Default_Handler
                0x0000000008002344        0x2 ./system/src/cmsis/startup_stm32f103xb.o
                0x0000000008002344                RTC_Alarm_IRQHandler
                0x0000000008002344                EXTI2_IRQHandler
                0x0000000008002344                TIM1_CC_IRQHandler
                0x0000000008002344                PVD_IRQHandler
                0x0000000008002344                EXTI3_IRQHandler
                0x0000000008002344                EXTI0_IRQHandler
                0x0000000008002344                I2C2_EV_IRQHandler
                0x0000000008002344                ADC1_2_IRQHandler
                0x0000000008002344                SPI1_IRQHandler
                0x0000000008002344                TAMPER_IRQHandler
                0x0000000008002344                DMA1_Channel4_IRQHandler
                0x0000000008002344                USART3_IRQHandler
                0x0000000008002344                RTC_IRQHandler
                0x0000000008002344                DMA1_Channel7_IRQHandler
                0x0000000008002344                CAN1_RX1_IRQHandler
                0x0000000008002344                TIM4_IRQHandler
                0x0000000008002344                I2C1_EV_IRQHandler
                0x0000000008002344                DMA1_Channel6_IRQHandler
                0x0000000008002344                TIM3_IRQHandler
                0x0000000008002344                RCC_IRQHandler
                0x0000000008002344                TIM1_TRG_COM_IRQHandler
                0x0000000008002344                DMA1_Channel1_IRQHandler
                0x0000000008002344                Default_Handler
                0x0000000008002344                EXTI15_10_IRQHandler
                0x0000000008002344                EXTI9_5_IRQHandler
                0x0000000008002344                SPI2_IRQHandler
                0x0000000008002344                DMA1_Channel5_IRQHandler
                0x0000000008002344                EXTI4_IRQHandler
                0x0000000008002344                USB_HP_CAN1_TX_IRQHandler
                0x0000000008002344                DMA1_Channel3_IRQHandler
                0x0000000008002344                TIM1_UP_IRQHandler
                0x0000000008002344                WWDG_IRQHandler
                0x0000000008002344                TIM2_IRQHandler
                0x0000000008002344                TIM1_BRK_IRQHandler
                0x0000000008002344                EXTI1_IRQHandler
                0x0000000008002344                USART2_IRQHandler
                0x0000000008002344                I2C2_ER_IRQHandler
                0x0000000008002344                DMA1_Channel2_IRQHandler
                0x0000000008002344                CAN1_SCE_IRQHandler
                0x0000000008002344                FLASH_IRQHandler
                0x0000000008002344                USART1_IRQHandler
                0x0000000008002344                I2C1_ER_IRQHandler
                0x0000000008002344                USBWakeUp_IRQHandler
 *fill*         0x0000000008002346        0x2 
 .text.SystemInit
                0x0000000008002348       0x4c ./system/src/cmsis/system_stm32f1xx.o
                0x0000000008002348                SystemInit
 .text.SystemCoreClockUpdate
                0x0000000008002394       0x94 ./system/src/cmsis/system_stm32f1xx.o
                0x0000000008002394                SystemCoreClockUpdate
 .text.MX_GPIO_Init
                0x0000000008002428       0x30 ./src/main.o
 .text._Error_Handler
                0x0000000008002458        0x2 ./src/main.o
                0x0000000008002458                _Error_Handler
 *fill*         0x000000000800245a        0x2 
 .text.SystemClock_Config
                0x000000000800245c       0xa0 ./src/main.o
                0x000000000800245c                SystemClock_Config
 .text.main     0x00000000080024fc       0x38 ./src/main.o
                0x00000000080024fc                main
 .text.HAL_MspInit
                0x0000000008002534       0x7c ./src/stm32f1xx_hal_msp.o
                0x0000000008002534                HAL_MspInit
 .text.NMI_Handler
                0x00000000080025b0        0x2 ./src/stm32f1xx_it.o
                0x00000000080025b0                NMI_Handler
 .text.HardFault_Handler
                0x00000000080025b2        0x2 ./src/stm32f1xx_it.o
                0x00000000080025b2                HardFault_Handler
 .text.MemManage_Handler
                0x00000000080025b4        0x2 ./src/stm32f1xx_it.o
                0x00000000080025b4                MemManage_Handler
 .text.BusFault_Handler
                0x00000000080025b6        0x2 ./src/stm32f1xx_it.o
                0x00000000080025b6                BusFault_Handler
 .text.UsageFault_Handler
                0x00000000080025b8        0x2 ./src/stm32f1xx_it.o
                0x00000000080025b8                UsageFault_Handler
 .text.SVC_Handler
                0x00000000080025ba        0x2 ./src/stm32f1xx_it.o
                0x00000000080025ba                SVC_Handler
 .text.DebugMon_Handler
                0x00000000080025bc        0x2 ./src/stm32f1xx_it.o
                0x00000000080025bc                DebugMon_Handler
 .text.PendSV_Handler
                0x00000000080025be        0x2 ./src/stm32f1xx_it.o
                0x00000000080025be                PendSV_Handler
 .text.SysTick_Handler
                0x00000000080025c0        0xc ./src/stm32f1xx_it.o
                0x00000000080025c0                SysTick_Handler
 .text.USB_LP_CAN1_RX0_IRQHandler
                0x00000000080025cc       0x10 ./src/stm32f1xx_it.o
                0x00000000080025cc                USB_LP_CAN1_RX0_IRQHandler
 .text.MX_USB_DEVICE_Init
                0x00000000080025dc       0x38 ./src/usb_device.o
                0x00000000080025dc                MX_USB_DEVICE_Init
 .text.CDC_DeInit_FS
                0x0000000008002614        0x4 ./src/usbd_cdc_if.o
 .text.CDC_Control_FS
                0x0000000008002618        0x4 ./src/usbd_cdc_if.o
 .text.CDC_Receive_FS
                0x000000000800261c       0x1c ./src/usbd_cdc_if.o
 .text.CDC_Init_FS
                0x0000000008002638       0x28 ./src/usbd_cdc_if.o
 .text.CDC_Transmit_FS
                0x0000000008002660       0x2c ./src/usbd_cdc_if.o
                0x0000000008002660                CDC_Transmit_FS
 .text.HAL_PCD_MspInit
                0x000000000800268c       0x40 ./src/usbd_conf.o
                0x000000000800268c                HAL_PCD_MspInit
 .text.HAL_PCD_SetupStageCallback
                0x00000000080026cc       0x10 ./src/usbd_conf.o
                0x00000000080026cc                HAL_PCD_SetupStageCallback
 .text.HAL_PCD_DataOutStageCallback
                0x00000000080026dc       0x14 ./src/usbd_conf.o
                0x00000000080026dc                HAL_PCD_DataOutStageCallback
 .text.HAL_PCD_DataInStageCallback
                0x00000000080026f0       0x12 ./src/usbd_conf.o
                0x00000000080026f0                HAL_PCD_DataInStageCallback
 .text.HAL_PCD_SOFCallback
                0x0000000008002702        0xc ./src/usbd_conf.o
                0x0000000008002702                HAL_PCD_SOFCallback
 .text.HAL_PCD_ResetCallback
                0x000000000800270e       0x18 ./src/usbd_conf.o
                0x000000000800270e                HAL_PCD_ResetCallback
 *fill*         0x0000000008002726        0x2 
 .text.HAL_PCD_SuspendCallback
                0x0000000008002728       0x20 ./src/usbd_conf.o
                0x0000000008002728                HAL_PCD_SuspendCallback
 .text.HAL_PCD_ResumeCallback
                0x0000000008002748        0xc ./src/usbd_conf.o
                0x0000000008002748                HAL_PCD_ResumeCallback
 .text.USBD_LL_Init
                0x0000000008002754       0x94 ./src/usbd_conf.o
                0x0000000008002754                USBD_LL_Init
 .text.USBD_LL_Start
                0x00000000080027e8       0x1c ./src/usbd_conf.o
                0x00000000080027e8                USBD_LL_Start
 .text.USBD_LL_OpenEP
                0x0000000008002804       0x22 ./src/usbd_conf.o
                0x0000000008002804                USBD_LL_OpenEP
 .text.USBD_LL_CloseEP
                0x0000000008002826       0x1c ./src/usbd_conf.o
                0x0000000008002826                USBD_LL_CloseEP
 .text.USBD_LL_StallEP
                0x0000000008002842       0x1c ./src/usbd_conf.o
                0x0000000008002842                USBD_LL_StallEP
 .text.USBD_LL_ClearStallEP
                0x000000000800285e       0x1c ./src/usbd_conf.o
                0x000000000800285e                USBD_LL_ClearStallEP
 .text.USBD_LL_IsStallEP
                0x000000000800287a       0x26 ./src/usbd_conf.o
                0x000000000800287a                USBD_LL_IsStallEP
 .text.USBD_LL_SetUSBAddress
                0x00000000080028a0       0x1c ./src/usbd_conf.o
                0x00000000080028a0                USBD_LL_SetUSBAddress
 .text.USBD_LL_Transmit
                0x00000000080028bc       0x1c ./src/usbd_conf.o
                0x00000000080028bc                USBD_LL_Transmit
 .text.USBD_LL_PrepareReceive
                0x00000000080028d8       0x1c ./src/usbd_conf.o
                0x00000000080028d8                USBD_LL_PrepareReceive
 .text.USBD_LL_GetRxDataSize
                0x00000000080028f4        0xc ./src/usbd_conf.o
                0x00000000080028f4                USBD_LL_GetRxDataSize
 .text.USBD_static_malloc
                0x0000000008002900        0x8 ./src/usbd_conf.o
                0x0000000008002900                USBD_static_malloc
 .text.USBD_static_free
                0x0000000008002908        0x2 ./src/usbd_conf.o
                0x0000000008002908                USBD_static_free
 .text.HAL_PCDEx_SetConnectionState
                0x000000000800290a        0x2 ./src/usbd_conf.o
                0x000000000800290a                HAL_PCDEx_SetConnectionState
 .text.USBD_FS_DeviceDescriptor
                0x000000000800290c        0xc ./src/usbd_desc.o
                0x000000000800290c                USBD_FS_DeviceDescriptor
 .text.USBD_FS_LangIDStrDescriptor
                0x0000000008002918        0xc ./src/usbd_desc.o
                0x0000000008002918                USBD_FS_LangIDStrDescriptor
 .text.USBD_FS_ProductStrDescriptor
                0x0000000008002924       0x24 ./src/usbd_desc.o
                0x0000000008002924                USBD_FS_ProductStrDescriptor
 .text.USBD_FS_ManufacturerStrDescriptor
                0x0000000008002948       0x1c ./src/usbd_desc.o
                0x0000000008002948                USBD_FS_ManufacturerStrDescriptor
 .text.USBD_FS_SerialStrDescriptor
                0x0000000008002964       0x24 ./src/usbd_desc.o
                0x0000000008002964                USBD_FS_SerialStrDescriptor
 .text.USBD_FS_ConfigStrDescriptor
                0x0000000008002988       0x24 ./src/usbd_desc.o
                0x0000000008002988                USBD_FS_ConfigStrDescriptor
 .text.USBD_FS_InterfaceStrDescriptor
                0x00000000080029ac       0x24 ./src/usbd_desc.o
                0x00000000080029ac                USBD_FS_InterfaceStrDescriptor
 .text.USBD_Init
                0x00000000080029d0       0x2e ./Middlewares/ST/STM32_USB_Device_Library/Core/Src/usbd_core.o
                0x00000000080029d0                USBD_Init
 .text.USBD_RegisterClass
                0x00000000080029fe        0xe ./Middlewares/ST/STM32_USB_Device_Library/Core/Src/usbd_core.o
                0x00000000080029fe                USBD_RegisterClass
 .text.USBD_Start
                0x0000000008002a0c        0xa ./Middlewares/ST/STM32_USB_Device_Library/Core/Src/usbd_core.o
                0x0000000008002a0c                USBD_Start
 .text.USBD_SetClassConfig
                0x0000000008002a16       0x1a ./Middlewares/ST/STM32_USB_Device_Library/Core/Src/usbd_core.o
                0x0000000008002a16                USBD_SetClassConfig
 .text.USBD_ClrClassConfig
                0x0000000008002a30        0xe ./Middlewares/ST/STM32_USB_Device_Library/Core/Src/usbd_core.o
                0x0000000008002a30                USBD_ClrClassConfig
 .text.USBD_LL_SetupStage
                0x0000000008002a3e       0x5a ./Middlewares/ST/STM32_USB_Device_Library/Core/Src/usbd_core.o
                0x0000000008002a3e                USBD_LL_SetupStage
 .text.USBD_LL_DataOutStage
                0x0000000008002a98       0x6a ./Middlewares/ST/STM32_USB_Device_Library/Core/Src/usbd_core.o
                0x0000000008002a98                USBD_LL_DataOutStage
 .text.USBD_LL_DataInStage
                0x0000000008002b02       0xb2 ./Middlewares/ST/STM32_USB_Device_Library/Core/Src/usbd_core.o
                0x0000000008002b02                USBD_LL_DataInStage
 .text.USBD_LL_Reset
                0x0000000008002bb4       0x3e ./Middlewares/ST/STM32_USB_Device_Library/Core/Src/usbd_core.o
                0x0000000008002bb4                USBD_LL_Reset
 .text.USBD_LL_SetSpeed
                0x0000000008002bf2        0x6 ./Middlewares/ST/STM32_USB_Device_Library/Core/Src/usbd_core.o
                0x0000000008002bf2                USBD_LL_SetSpeed
 .text.USBD_LL_Suspend
                0x0000000008002bf8       0x12 ./Middlewares/ST/STM32_USB_Device_Library/Core/Src/usbd_core.o
                0x0000000008002bf8                USBD_LL_Suspend
 .text.USBD_LL_Resume
                0x0000000008002c0a        0xc ./Middlewares/ST/STM32_USB_Device_Library/Core/Src/usbd_core.o
                0x0000000008002c0a                USBD_LL_Resume
 .text.USBD_LL_SOF
                0x0000000008002c16       0x1c ./Middlewares/ST/STM32_USB_Device_Library/Core/Src/usbd_core.o
                0x0000000008002c16                USBD_LL_SOF
 .text.USBD_GetLen
                0x0000000008002c32       0x14 ./Middlewares/ST/STM32_USB_Device_Library/Core/Src/usbd_ctlreq.o
 .text.USBD_SetFeature
                0x0000000008002c46       0x20 ./Middlewares/ST/STM32_USB_Device_Library/Core/Src/usbd_ctlreq.o
 .text.USBD_ParseSetupRequest
                0x0000000008002c66       0x28 ./Middlewares/ST/STM32_USB_Device_Library/Core/Src/usbd_ctlreq.o
                0x0000000008002c66                USBD_ParseSetupRequest
 .text.USBD_CtlError
                0x0000000008002c8e       0x14 ./Middlewares/ST/STM32_USB_Device_Library/Core/Src/usbd_ctlreq.o
                0x0000000008002c8e                USBD_CtlError
 .text.USBD_GetDescriptor
                0x0000000008002ca2      0x132 ./Middlewares/ST/STM32_USB_Device_Library/Core/Src/usbd_ctlreq.o
 .text.USBD_SetAddress
                0x0000000008002dd4       0x4a ./Middlewares/ST/STM32_USB_Device_Library/Core/Src/usbd_ctlreq.o
 *fill*         0x0000000008002e1e        0x2 
 .text.USBD_SetConfig
                0x0000000008002e20       0xa4 ./Middlewares/ST/STM32_USB_Device_Library/Core/Src/usbd_ctlreq.o
 .text.USBD_GetConfig
                0x0000000008002ec4       0x3a ./Middlewares/ST/STM32_USB_Device_Library/Core/Src/usbd_ctlreq.o
 .text.USBD_GetStatus
                0x0000000008002efe       0x2c ./Middlewares/ST/STM32_USB_Device_Library/Core/Src/usbd_ctlreq.o
 .text.USBD_ClrFeature
                0x0000000008002f2a       0x32 ./Middlewares/ST/STM32_USB_Device_Library/Core/Src/usbd_ctlreq.o
 .text.USBD_StdDevReq
                0x0000000008002f5c       0x48 ./Middlewares/ST/STM32_USB_Device_Library/Core/Src/usbd_ctlreq.o
                0x0000000008002f5c                USBD_StdDevReq
 .text.USBD_StdItfReq
                0x0000000008002fa4       0x38 ./Middlewares/ST/STM32_USB_Device_Library/Core/Src/usbd_ctlreq.o
                0x0000000008002fa4                USBD_StdItfReq
 .text.USBD_StdEPReq
                0x0000000008002fdc      0x118 ./Middlewares/ST/STM32_USB_Device_Library/Core/Src/usbd_ctlreq.o
                0x0000000008002fdc                USBD_StdEPReq
 .text.USBD_GetString
                0x00000000080030f4       0x3a ./Middlewares/ST/STM32_USB_Device_Library/Core/Src/usbd_ctlreq.o
                0x00000000080030f4                USBD_GetString
 .text.USBD_CtlSendData
                0x000000000800312e       0x1a ./Middlewares/ST/STM32_USB_Device_Library/Core/Src/usbd_ioreq.o
                0x000000000800312e                USBD_CtlSendData
 .text.USBD_CtlContinueSendData
                0x0000000008003148       0x10 ./Middlewares/ST/STM32_USB_Device_Library/Core/Src/usbd_ioreq.o
                0x0000000008003148                USBD_CtlContinueSendData
 .text.USBD_CtlPrepareRx
                0x0000000008003158       0x1e ./Middlewares/ST/STM32_USB_Device_Library/Core/Src/usbd_ioreq.o
                0x0000000008003158                USBD_CtlPrepareRx
 .text.USBD_CtlContinueRx
                0x0000000008003176       0x10 ./Middlewares/ST/STM32_USB_Device_Library/Core/Src/usbd_ioreq.o
                0x0000000008003176                USBD_CtlContinueRx
 .text.USBD_CtlSendStatus
                0x0000000008003186       0x16 ./Middlewares/ST/STM32_USB_Device_Library/Core/Src/usbd_ioreq.o
                0x0000000008003186                USBD_CtlSendStatus
 .text.USBD_CtlReceiveStatus
                0x000000000800319c       0x16 ./Middlewares/ST/STM32_USB_Device_Library/Core/Src/usbd_ioreq.o
                0x000000000800319c                USBD_CtlReceiveStatus
 .text.USBD_CDC_DataIn
                0x00000000080031b2       0x12 ./Middlewares/ST/STM32_USB_Device_Library/Class/CDC/Src/usbd_cdc.o
 .text.USBD_CDC_EP0_RxReady
                0x00000000080031c4       0x28 ./Middlewares/ST/STM32_USB_Device_Library/Class/CDC/Src/usbd_cdc.o
 .text.USBD_CDC_GetFSCfgDesc
                0x00000000080031ec        0xc ./Middlewares/ST/STM32_USB_Device_Library/Class/CDC/Src/usbd_cdc.o
 .text.USBD_CDC_GetHSCfgDesc
                0x00000000080031f8        0xc ./Middlewares/ST/STM32_USB_Device_Library/Class/CDC/Src/usbd_cdc.o
 .text.USBD_CDC_GetOtherSpeedCfgDesc
                0x0000000008003204        0xc ./Middlewares/ST/STM32_USB_Device_Library/Class/CDC/Src/usbd_cdc.o
 .text.USBD_CDC_GetDeviceQualifierDescriptor
                0x0000000008003210        0xc ./Middlewares/ST/STM32_USB_Device_Library/Class/CDC/Src/usbd_cdc.o
                0x0000000008003210                USBD_CDC_GetDeviceQualifierDescriptor
 .text.USBD_CDC_DataOut
                0x000000000800321c       0x2e ./Middlewares/ST/STM32_USB_Device_Library/Class/CDC/Src/usbd_cdc.o
 *fill*         0x000000000800324a        0x2 
 .text.USBD_CDC_Setup
                0x000000000800324c       0x74 ./Middlewares/ST/STM32_USB_Device_Library/Class/CDC/Src/usbd_cdc.o
 .text.USBD_CDC_DeInit
                0x00000000080032c0       0x3a ./Middlewares/ST/STM32_USB_Device_Library/Class/CDC/Src/usbd_cdc.o
 .text.USBD_CDC_Init
                0x00000000080032fa       0x96 ./Middlewares/ST/STM32_USB_Device_Library/Class/CDC/Src/usbd_cdc.o
 .text.USBD_CDC_RegisterInterface
                0x0000000008003390        0xe ./Middlewares/ST/STM32_USB_Device_Library/Class/CDC/Src/usbd_cdc.o
                0x0000000008003390                USBD_CDC_RegisterInterface
 .text.USBD_CDC_SetTxBuffer
                0x000000000800339e       0x10 ./Middlewares/ST/STM32_USB_Device_Library/Class/CDC/Src/usbd_cdc.o
                0x000000000800339e                USBD_CDC_SetTxBuffer
 .text.USBD_CDC_SetRxBuffer
                0x00000000080033ae        0xc ./Middlewares/ST/STM32_USB_Device_Library/Class/CDC/Src/usbd_cdc.o
                0x00000000080033ae                USBD_CDC_SetRxBuffer
 .text.USBD_CDC_TransmitPacket
                0x00000000080033ba       0x2e ./Middlewares/ST/STM32_USB_Device_Library/Class/CDC/Src/usbd_cdc.o
                0x00000000080033ba                USBD_CDC_TransmitPacket
 .text.USBD_CDC_ReceivePacket
                0x00000000080033e8       0x32 ./Middlewares/ST/STM32_USB_Device_Library/Class/CDC/Src/usbd_cdc.o
                0x00000000080033e8                USBD_CDC_ReceivePacket
 *fill*         0x000000000800341a        0x2 
 .text.__errno  0x000000000800341c        0xc /home/aignacio/opt/gcc-arm-none-eabi-6-2017-q1-update/bin/../lib/gcc/arm-none-eabi/6.3.1/../../../../arm-none-eabi/lib/thumb/v7-m/libg_nano.a(lib_a-errno.o)
                0x000000000800341c                __errno
 .text.memcpy   0x0000000008003428       0x16 /home/aignacio/opt/gcc-arm-none-eabi-6-2017-q1-update/bin/../lib/gcc/arm-none-eabi/6.3.1/../../../../arm-none-eabi/lib/thumb/v7-m/libg_nano.a(lib_a-memcpy-stub.o)
                0x0000000008003428                memcpy
 *fill*         0x000000000800343e        0x2 
 .text.sprintf  0x0000000008003440       0x48 /home/aignacio/opt/gcc-arm-none-eabi-6-2017-q1-update/bin/../lib/gcc/arm-none-eabi/6.3.1/../../../../arm-none-eabi/lib/thumb/v7-m/libg_nano.a(lib_a-sprintf.o)
                0x0000000008003440                sprintf
                0x0000000008003440                siprintf
 .text._vsnprintf_r
                0x0000000008003488       0x58 /home/aignacio/opt/gcc-arm-none-eabi-6-2017-q1-update/bin/../lib/gcc/arm-none-eabi/6.3.1/../../../../arm-none-eabi/lib/thumb/v7-m/libg_nano.a(lib_a-vsnprintf.o)
                0x0000000008003488                _vsnprintf_r
                0x0000000008003488                _vsniprintf_r
 .text.vsnprintf
                0x00000000080034e0       0x1c /home/aignacio/opt/gcc-arm-none-eabi-6-2017-q1-update/bin/../lib/gcc/arm-none-eabi/6.3.1/../../../../arm-none-eabi/lib/thumb/v7-m/libg_nano.a(lib_a-vsnprintf.o)
                0x00000000080034e0                vsnprintf
                0x00000000080034e0                vsniprintf
 .text.__ssputs_r
                0x00000000080034fc       0xb6 /home/aignacio/opt/gcc-arm-none-eabi-6-2017-q1-update/bin/../lib/gcc/arm-none-eabi/6.3.1/../../../../arm-none-eabi/lib/thumb/v7-m/libg_nano.a(lib_a-nano-svfprintf.o)
                0x00000000080034fc                __ssputs_r
 *fill*         0x00000000080035b2        0x2 
 .text._svfprintf_r
                0x00000000080035b4      0x1e8 /home/aignacio/opt/gcc-arm-none-eabi-6-2017-q1-update/bin/../lib/gcc/arm-none-eabi/6.3.1/../../../../arm-none-eabi/lib/thumb/v7-m/libg_nano.a(lib_a-nano-svfprintf.o)
                0x00000000080035b4                _svfprintf_r
                0x00000000080035b4                _svfiprintf_r
 .text._printf_common
                0x000000000800379c       0xee /home/aignacio/opt/gcc-arm-none-eabi-6-2017-q1-update/bin/../lib/gcc/arm-none-eabi/6.3.1/../../../../arm-none-eabi/lib/thumb/v7-m/libg_nano.a(lib_a-nano-vfprintf_i.o)
                0x000000000800379c                _printf_common
 *fill*         0x000000000800388a        0x2 
 .text._printf_i
                0x000000000800388c      0x240 /home/aignacio/opt/gcc-arm-none-eabi-6-2017-q1-update/bin/../lib/gcc/arm-none-eabi/6.3.1/../../../../arm-none-eabi/lib/thumb/v7-m/libg_nano.a(lib_a-nano-vfprintf_i.o)
                0x000000000800388c                _printf_i
 .text.memchr   0x0000000008003acc       0x1c /home/aignacio/opt/gcc-arm-none-eabi-6-2017-q1-update/bin/../lib/gcc/arm-none-eabi/6.3.1/../../../../arm-none-eabi/lib/thumb/v7-m/libg_nano.a(lib_a-memchr-stub.o)
                0x0000000008003acc                memchr
 .text.memmove  0x0000000008003ae8       0x34 /home/aignacio/opt/gcc-arm-none-eabi-6-2017-q1-update/bin/../lib/gcc/arm-none-eabi/6.3.1/../../../../arm-none-eabi/lib/thumb/v7-m/libg_nano.a(lib_a-memmove.o)
                0x0000000008003ae8                memmove
 .text._free_r  0x0000000008003b1c       0x98 /home/aignacio/opt/gcc-arm-none-eabi-6-2017-q1-update/bin/../lib/gcc/arm-none-eabi/6.3.1/../../../../arm-none-eabi/lib/thumb/v7-m/libg_nano.a(lib_a-nano-freer.o)
                0x0000000008003b1c                _free_r
 .text._malloc_r
                0x0000000008003bb4       0xbc /home/aignacio/opt/gcc-arm-none-eabi-6-2017-q1-update/bin/../lib/gcc/arm-none-eabi/6.3.1/../../../../arm-none-eabi/lib/thumb/v7-m/libg_nano.a(lib_a-nano-mallocr.o)
                0x0000000008003bb4                _malloc_r
 .text._realloc_r
                0x0000000008003c70       0x4c /home/aignacio/opt/gcc-arm-none-eabi-6-2017-q1-update/bin/../lib/gcc/arm-none-eabi/6.3.1/../../../../arm-none-eabi/lib/thumb/v7-m/libg_nano.a(lib_a-nano-reallocr.o)
                0x0000000008003c70                _realloc_r
 .text._sbrk_r  0x0000000008003cbc       0x20 /home/aignacio/opt/gcc-arm-none-eabi-6-2017-q1-update/bin/../lib/gcc/arm-none-eabi/6.3.1/../../../../arm-none-eabi/lib/thumb/v7-m/libg_nano.a(lib_a-sbrkr.o)
                0x0000000008003cbc                _sbrk_r
 .text.__malloc_lock
                0x0000000008003cdc        0x2 /home/aignacio/opt/gcc-arm-none-eabi-6-2017-q1-update/bin/../lib/gcc/arm-none-eabi/6.3.1/../../../../arm-none-eabi/lib/thumb/v7-m/libg_nano.a(lib_a-mlock.o)
                0x0000000008003cdc                __malloc_lock
 .text.__malloc_unlock
                0x0000000008003cde        0x2 /home/aignacio/opt/gcc-arm-none-eabi-6-2017-q1-update/bin/../lib/gcc/arm-none-eabi/6.3.1/../../../../arm-none-eabi/lib/thumb/v7-m/libg_nano.a(lib_a-mlock.o)
                0x0000000008003cde                __malloc_unlock
 .text._malloc_usable_size_r
                0x0000000008003ce0       0x12 /home/aignacio/opt/gcc-arm-none-eabi-6-2017-q1-update/bin/../lib/gcc/arm-none-eabi/6.3.1/../../../../arm-none-eabi/lib/thumb/v7-m/libg_nano.a(lib_a-nano-msizer.o)
                0x0000000008003ce0                _malloc_usable_size_r
 *(.rodata .rodata.* .constdata .constdata.*)
 *fill*         0x0000000008003cf2        0x2 
 .rodata        0x0000000008003cf4       0x12 ./system/src/stm32f1xx/stm32f1xx_hal_rcc.o
 *fill*         0x0000000008003d06        0x2 
 .rodata.dumpExceptionStack.str1.4
                0x0000000008003d08      0x11a ./system/src/cortexm/exception_handlers.o
 *fill*         0x0000000008003e22        0x2 
 .rodata.str1.4
                0x0000000008003e24       0x2a ./system/src/cortexm/exception_handlers.o
 *fill*         0x0000000008003e4e        0x2 
 .rodata.AHBPrescTable
                0x0000000008003e50       0x10 ./system/src/cmsis/system_stm32f1xx.o
                0x0000000008003e50                AHBPrescTable
 .rodata.SystemClock_Config.str1.4
                0x0000000008003e60        0xe ./src/main.o
 *fill*         0x0000000008003e6e        0x2 
 .rodata.main.str1.4
                0x0000000008003e70       0x32 ./src/main.o
 *fill*         0x0000000008003ea2        0x2 
 .rodata.USBD_LL_Init.str1.4
                0x0000000008003ea4       0x13 ./src/usbd_conf.o
 *fill*         0x0000000008003eb7        0x1 
 .rodata.USBD_FS_ConfigStrDescriptor.str1.4
                0x0000000008003eb8        0xb ./src/usbd_desc.o
 *fill*         0x0000000008003ec3        0x1 
 .rodata.USBD_FS_InterfaceStrDescriptor.str1.4
                0x0000000008003ec4        0xe ./src/usbd_desc.o
 *fill*         0x0000000008003ed2        0x2 
 .rodata.USBD_FS_ManufacturerStrDescriptor.str1.4
                0x0000000008003ed4       0x11 ./src/usbd_desc.o
 *fill*         0x0000000008003ee5        0x3 
 .rodata.USBD_FS_ProductStrDescriptor.str1.4
                0x0000000008003ee8       0x16 ./src/usbd_desc.o
 *fill*         0x0000000008003efe        0x2 
 .rodata.USBD_FS_SerialStrDescriptor.str1.4
                0x0000000008003f00       0x10 ./src/usbd_desc.o
                                          0xd (size before relaxing)
 .rodata._svfprintf_r.str1.1
                0x0000000008003f10       0x11 /home/aignacio/opt/gcc-arm-none-eabi-6-2017-q1-update/bin/../lib/gcc/arm-none-eabi/6.3.1/../../../../arm-none-eabi/lib/thumb/v7-m/libg_nano.a(lib_a-nano-svfprintf.o)
 .rodata._printf_i.str1.1
                0x0000000008003f21       0x22 /home/aignacio/opt/gcc-arm-none-eabi-6-2017-q1-update/bin/../lib/gcc/arm-none-eabi/6.3.1/../../../../arm-none-eabi/lib/thumb/v7-m/libg_nano.a(lib_a-nano-vfprintf_i.o)
 *(vtable)
 *(.eh_frame*)
 *(.glue_7)
 .glue_7        0x0000000008003f43        0x0 linker stubs
 *(.glue_7t)
 .glue_7t       0x0000000008003f43        0x0 linker stubs

.vfp11_veneer   0x0000000008003f44        0x0
 .vfp11_veneer  0x0000000008003f44        0x0 linker stubs

.v4_bx          0x0000000008003f44        0x0
 .v4_bx         0x0000000008003f44        0x0 linker stubs

.iplt           0x0000000008003f44        0x0
 .iplt          0x0000000008003f44        0x0 ./system/src/stm32f1xx/stm32f1xx_hal.o

.rel.dyn        0x0000000008003f44        0x0
 .rel.iplt      0x0000000008003f44        0x0 ./system/src/stm32f1xx/stm32f1xx_hal.o

.ARM.extab
 *(.ARM.extab* .gnu.linkonce.armextab.*)
                0x0000000008003f44                . = ALIGN (0x4)
                0x0000000008003f44                __exidx_start = .

.ARM.exidx
 *(.ARM.exidx* .gnu.linkonce.armexidx.*)
                0x0000000008003f44                __exidx_end = .
                0x0000000008003f44                . = ALIGN (0x4)
                0x0000000008003f44                _etext = .
                0x0000000008003f44                __etext = .

.data_CCMRAM    0x0000000010000000        0x0 load address 0x0000000008003f44
 FILL mask 0xff
 *(.data.CCMRAM .data.CCMRAM.*)
                0x0000000010000000                . = ALIGN (0x4)
                0x0000000008003f44                _sidata = LOADADDR (.data)

.data           0x0000000020000000      0x1cc load address 0x0000000008003f44
 FILL mask 0xff
                0x0000000020000000                _sdata = .
                0x0000000020000000                __data_start__ = .
 *(.data_begin .data_begin.*)
 .data_begin    0x0000000020000000        0x4 ./system/src/newlib/_startup.o
 *(.data .data.*)
 .data.argv.4263
                0x0000000020000004        0x8 ./system/src/newlib/_syscalls.o
 .data.SystemCoreClock
                0x000000002000000c        0x4 ./system/src/cmsis/system_stm32f1xx.o
                0x000000002000000c                SystemCoreClock
 .data.USBD_Interface_fops_FS
                0x0000000020000010       0x10 ./src/usbd_cdc_if.o
                0x0000000020000010                USBD_Interface_fops_FS
 .data.FS_Desc  0x0000000020000020       0x1c ./src/usbd_desc.o
                0x0000000020000020                FS_Desc
 .data.USBD_FS_DeviceDesc
                0x000000002000003c       0x12 ./src/usbd_desc.o
                0x000000002000003c                USBD_FS_DeviceDesc
 *fill*         0x000000002000004e        0x2 ff
 .data.USBD_LangIDDesc
                0x0000000020000050        0x4 ./src/usbd_desc.o
                0x0000000020000050                USBD_LangIDDesc
 .data.USBD_CDC
                0x0000000020000054       0x38 ./Middlewares/ST/STM32_USB_Device_Library/Class/CDC/Src/usbd_cdc.o
                0x0000000020000054                USBD_CDC
 .data.USBD_CDC_CfgFSDesc
                0x000000002000008c       0x43 ./Middlewares/ST/STM32_USB_Device_Library/Class/CDC/Src/usbd_cdc.o
                0x000000002000008c                USBD_CDC_CfgFSDesc
 *fill*         0x00000000200000cf        0x1 ff
 .data.USBD_CDC_CfgHSDesc
                0x00000000200000d0       0x43 ./Middlewares/ST/STM32_USB_Device_Library/Class/CDC/Src/usbd_cdc.o
                0x00000000200000d0                USBD_CDC_CfgHSDesc
 *fill*         0x0000000020000113        0x1 ff
 .data.USBD_CDC_DeviceQualifierDesc
                0x0000000020000114        0xa ./Middlewares/ST/STM32_USB_Device_Library/Class/CDC/Src/usbd_cdc.o
 *fill*         0x000000002000011e        0x2 ff
 .data.USBD_CDC_OtherSpeedCfgDesc
                0x0000000020000120       0x43 ./Middlewares/ST/STM32_USB_Device_Library/Class/CDC/Src/usbd_cdc.o
                0x0000000020000120                USBD_CDC_OtherSpeedCfgDesc
 *fill*         0x0000000020000163        0x1 ff
 .data._impure_ptr
                0x0000000020000164        0x4 /home/aignacio/opt/gcc-arm-none-eabi-6-2017-q1-update/bin/../lib/gcc/arm-none-eabi/6.3.1/../../../../arm-none-eabi/lib/thumb/v7-m/libg_nano.a(lib_a-impure.o)
                0x0000000020000164                _impure_ptr
 .data.impure_data
                0x0000000020000168       0x60 /home/aignacio/opt/gcc-arm-none-eabi-6-2017-q1-update/bin/../lib/gcc/arm-none-eabi/6.3.1/../../../../arm-none-eabi/lib/thumb/v7-m/libg_nano.a(lib_a-impure.o)
 *(.data_end .data_end.*)
 .data_end      0x00000000200001c8        0x4 ./system/src/newlib/_startup.o
                0x00000000200001cc                . = ALIGN (0x4)
                0x00000000200001cc                _edata = .
                0x00000000200001cc                __data_end__ = .

.igot.plt       0x00000000200001cc        0x0 load address 0x0000000008004110
 .igot.plt      0x00000000200001cc        0x0 ./system/src/stm32f1xx/stm32f1xx_hal.o

.bss_CCMRAM     0x0000000010000000        0x0
 *(.bss.CCMRAM .bss.CCMRAM.*)

.bss            0x00000000200001cc      0xb10
                0x00000000200001cc                __bss_start__ = .
                0x00000000200001cc                _sbss = .
 *(.bss_begin .bss_begin.*)
 .bss_begin     0x00000000200001cc        0x4 ./system/src/newlib/_startup.o
 *(.bss .bss.*)
 .bss.uwTick    0x00000000200001d0        0x4 ./system/src/stm32f1xx/stm32f1xx_hal.o
 .bss.current_heap_end.3947
                0x00000000200001d4        0x4 ./system/src/newlib/_sbrk.o
 .bss.name.4262
                0x00000000200001d8        0x1 ./system/src/newlib/_syscalls.o
 *fill*         0x00000000200001d9        0x3 
 .bss.buf.5562  0x00000000200001dc       0x80 ./system/src/diag/Trace.o
 .bss.mem.7168  0x000000002000025c      0x220 ./src/usbd_conf.o
 .bss.cfgidx.7014
                0x000000002000047c        0x1 ./Middlewares/ST/STM32_USB_Device_Library/Core/Src/usbd_ctlreq.o
 .bss.ifalt.7009
                0x000000002000047d        0x1 ./Middlewares/ST/STM32_USB_Device_Library/Class/CDC/Src/usbd_cdc.o
 *fill*         0x000000002000047e        0x2 
 .bss.__malloc_free_list
                0x0000000020000480        0x4 /home/aignacio/opt/gcc-arm-none-eabi-6-2017-q1-update/bin/../lib/gcc/arm-none-eabi/6.3.1/../../../../arm-none-eabi/lib/thumb/v7-m/libg_nano.a(lib_a-nano-mallocr.o)
                0x0000000020000480                __malloc_free_list
 .bss.__malloc_sbrk_start
                0x0000000020000484        0x4 /home/aignacio/opt/gcc-arm-none-eabi-6-2017-q1-update/bin/../lib/gcc/arm-none-eabi/6.3.1/../../../../arm-none-eabi/lib/thumb/v7-m/libg_nano.a(lib_a-nano-mallocr.o)
                0x0000000020000484                __malloc_sbrk_start
 *(COMMON)
 COMMON         0x0000000020000488        0x4 ./system/src/newlib/_syscalls.o
                0x0000000020000488                errno
 COMMON         0x000000002000048c      0x224 ./src/usb_device.o
                0x000000002000048c                hUsbDeviceFS
 COMMON         0x00000000200006b0        0x8 ./src/usbd_cdc_if.o
                0x00000000200006b0                UserRxBufferFS
                0x00000000200006b4                UserTxBufferFS
 COMMON         0x00000000200006b8      0x420 ./src/usbd_conf.o
                0x00000000200006b8                hpcd_USB_FS
 COMMON         0x0000000020000ad8      0x200 ./src/usbd_desc.o
                0x0000000020000ad8                USBD_StrDesc
 *(.bss_end .bss_end.*)
 .bss_end       0x0000000020000cd8        0x4 ./system/src/newlib/_startup.o
                0x0000000020000cdc                . = ALIGN (0x4)
                0x0000000020000cdc                __bss_end__ = .
                0x0000000020000cdc                _ebss = .

.noinit_CCMRAM
 *(.noinit.CCMRAM .noinit.CCMRAM.*)

.noinit         0x0000000020000cdc        0x0
                0x0000000020000cdc                _noinit = .
 *(.noinit .noinit.*)
                0x0000000020000cdc                . = ALIGN (0x4)
                0x0000000020000cdc                _end_noinit = .
                [!provide]                        PROVIDE (end, _end_noinit)
                [!provide]                        PROVIDE (_end, _end_noinit)
                [!provide]                        PROVIDE (__end, _end_noinit)
                [!provide]                        PROVIDE (__end__, _end_noinit)

._check_stack   0x0000000020000cdc      0x100
                0x0000000020000ddc                . = (. + _Minimum_Stack_Size)
 *fill*         0x0000000020000cdc      0x100 

.b1text
 *(.b1text)
 *(.b1rodata)
 *(.b1rodata.*)

.eb0text
 *(.eb0text)
 *(.eb0rodata)
 *(.eb0rodata.*)

.eb1text
 *(.eb1text)
 *(.eb1rodata)
 *(.eb1rodata.*)

.eb2text
 *(.eb2text)
 *(.eb2rodata)
 *(.eb2rodata.*)

.eb3text
 *(.eb3text)
 *(.eb3rodata)
 *(.eb3rodata.*)

.stab
 *(.stab)

.stabstr
 *(.stabstr)

.stab.excl
 *(.stab.excl)

.stab.exclstr
 *(.stab.exclstr)

.stab.index
 *(.stab.index)

.stab.indexstr
 *(.stab.indexstr)

.comment        0x0000000000000000       0x7f
 *(.comment)
 .comment       0x0000000000000000       0x7f ./system/src/stm32f1xx/stm32f1xx_hal.o
                                         0x80 (size before relaxing)
 .comment       0x000000000000007f       0x80 ./system/src/stm32f1xx/stm32f1xx_hal_cortex.o
 .comment       0x000000000000007f       0x80 ./system/src/stm32f1xx/stm32f1xx_hal_pcd.o
 .comment       0x000000000000007f       0x80 ./system/src/stm32f1xx/stm32f1xx_hal_pcd_ex.o
 .comment       0x000000000000007f       0x80 ./system/src/stm32f1xx/stm32f1xx_hal_rcc.o
 .comment       0x000000000000007f       0x80 ./system/src/stm32f1xx/stm32f1xx_hal_rcc_ex.o
 .comment       0x000000000000007f       0x80 ./system/src/stm32f1xx/stm32f1xx_ll_usb.o
 .comment       0x000000000000007f       0x80 ./system/src/newlib/_exit.o
 .comment       0x000000000000007f       0x80 ./system/src/newlib/_sbrk.o
 .comment       0x000000000000007f       0x80 ./system/src/newlib/_startup.o
 .comment       0x000000000000007f       0x80 ./system/src/newlib/_syscalls.o
 .comment       0x000000000000007f       0x80 ./system/src/diag/Trace.o
 .comment       0x000000000000007f       0x80 ./system/src/diag/trace_impl.o
 .comment       0x000000000000007f       0x80 ./system/src/cortexm/_initialize_hardware.o
 .comment       0x000000000000007f       0x80 ./system/src/cortexm/exception_handlers.o
 .comment       0x000000000000007f       0x80 ./system/src/cmsis/system_stm32f1xx.o
 .comment       0x000000000000007f       0x80 ./src/main.o
 .comment       0x000000000000007f       0x80 ./src/stm32f1xx_hal_msp.o
 .comment       0x000000000000007f       0x80 ./src/stm32f1xx_it.o
 .comment       0x000000000000007f       0x80 ./src/usb_device.o
 .comment       0x000000000000007f       0x80 ./src/usbd_cdc_if.o
 .comment       0x000000000000007f       0x80 ./src/usbd_conf.o
 .comment       0x000000000000007f       0x80 ./src/usbd_desc.o
 .comment       0x000000000000007f       0x80 ./Middlewares/ST/STM32_USB_Device_Library/Core/Src/usbd_core.o
 .comment       0x000000000000007f       0x80 ./Middlewares/ST/STM32_USB_Device_Library/Core/Src/usbd_ctlreq.o
 .comment       0x000000000000007f       0x80 ./Middlewares/ST/STM32_USB_Device_Library/Core/Src/usbd_ioreq.o
 .comment       0x000000000000007f       0x80 ./Middlewares/ST/STM32_USB_Device_Library/Class/CDC/Src/usbd_cdc.o

.ARM.attributes
                0x0000000000000000       0x31
 .ARM.attributes
                0x0000000000000000       0x33 ./system/src/stm32f1xx/stm32f1xx_hal.o
 .ARM.attributes
                0x0000000000000033       0x33 ./system/src/stm32f1xx/stm32f1xx_hal_cortex.o
 .ARM.attributes
                0x0000000000000066       0x33 ./system/src/stm32f1xx/stm32f1xx_hal_pcd.o
 .ARM.attributes
                0x0000000000000099       0x33 ./system/src/stm32f1xx/stm32f1xx_hal_pcd_ex.o
 .ARM.attributes
                0x00000000000000cc       0x33 ./system/src/stm32f1xx/stm32f1xx_hal_rcc.o
 .ARM.attributes
                0x00000000000000ff       0x33 ./system/src/stm32f1xx/stm32f1xx_hal_rcc_ex.o
 .ARM.attributes
                0x0000000000000132       0x33 ./system/src/stm32f1xx/stm32f1xx_ll_usb.o
 .ARM.attributes
                0x0000000000000165       0x33 ./system/src/newlib/_exit.o
 .ARM.attributes
                0x0000000000000198       0x33 ./system/src/newlib/_sbrk.o
 .ARM.attributes
                0x00000000000001cb       0x33 ./system/src/newlib/_startup.o
 .ARM.attributes
                0x00000000000001fe       0x33 ./system/src/newlib/_syscalls.o
 .ARM.attributes
                0x0000000000000231       0x33 ./system/src/diag/Trace.o
 .ARM.attributes
                0x0000000000000264       0x33 ./system/src/diag/trace_impl.o
 .ARM.attributes
                0x0000000000000297       0x33 ./system/src/cortexm/_initialize_hardware.o
 .ARM.attributes
                0x00000000000002ca       0x33 ./system/src/cortexm/exception_handlers.o
 .ARM.attributes
                0x00000000000002fd       0x21 ./system/src/cmsis/startup_stm32f103xb.o
 .ARM.attributes
                0x000000000000031e       0x33 ./system/src/cmsis/system_stm32f1xx.o
 .ARM.attributes
                0x0000000000000351       0x33 ./src/main.o
 .ARM.attributes
                0x0000000000000384       0x33 ./src/stm32f1xx_hal_msp.o
 .ARM.attributes
                0x00000000000003b7       0x33 ./src/stm32f1xx_it.o
 .ARM.attributes
                0x00000000000003ea       0x33 ./src/usb_device.o
 .ARM.attributes
                0x000000000000041d       0x33 ./src/usbd_cdc_if.o
 .ARM.attributes
                0x0000000000000450       0x33 ./src/usbd_conf.o
 .ARM.attributes
                0x0000000000000483       0x33 ./src/usbd_desc.o
 .ARM.attributes
                0x00000000000004b6       0x33 ./Middlewares/ST/STM32_USB_Device_Library/Core/Src/usbd_core.o
 .ARM.attributes
                0x00000000000004e9       0x33 ./Middlewares/ST/STM32_USB_Device_Library/Core/Src/usbd_ctlreq.o
 .ARM.attributes
                0x000000000000051c       0x33 ./Middlewares/ST/STM32_USB_Device_Library/Core/Src/usbd_ioreq.o
 .ARM.attributes
                0x000000000000054f       0x33 ./Middlewares/ST/STM32_USB_Device_Library/Class/CDC/Src/usbd_cdc.o
 .ARM.attributes
                0x0000000000000582       0x2d /home/aignacio/opt/gcc-arm-none-eabi-6-2017-q1-update/bin/../lib/gcc/arm-none-eabi/6.3.1/../../../../arm-none-eabi/lib/thumb/v7-m/libg_nano.a(lib_a-errno.o)
 .ARM.attributes
                0x00000000000005af       0x2d /home/aignacio/opt/gcc-arm-none-eabi-6-2017-q1-update/bin/../lib/gcc/arm-none-eabi/6.3.1/../../../../arm-none-eabi/lib/thumb/v7-m/libg_nano.a(lib_a-impure.o)
 .ARM.attributes
                0x00000000000005dc       0x2d /home/aignacio/opt/gcc-arm-none-eabi-6-2017-q1-update/bin/../lib/gcc/arm-none-eabi/6.3.1/../../../../arm-none-eabi/lib/thumb/v7-m/libg_nano.a(lib_a-memcpy-stub.o)
 .ARM.attributes
                0x0000000000000609       0x2d /home/aignacio/opt/gcc-arm-none-eabi-6-2017-q1-update/bin/../lib/gcc/arm-none-eabi/6.3.1/../../../../arm-none-eabi/lib/thumb/v7-m/libg_nano.a(lib_a-sprintf.o)
 .ARM.attributes
                0x0000000000000636       0x2d /home/aignacio/opt/gcc-arm-none-eabi-6-2017-q1-update/bin/../lib/gcc/arm-none-eabi/6.3.1/../../../../arm-none-eabi/lib/thumb/v7-m/libg_nano.a(lib_a-vsnprintf.o)
 .ARM.attributes
                0x0000000000000663       0x2d /home/aignacio/opt/gcc-arm-none-eabi-6-2017-q1-update/bin/../lib/gcc/arm-none-eabi/6.3.1/../../../../arm-none-eabi/lib/thumb/v7-m/libg_nano.a(lib_a-nano-svfprintf.o)
 .ARM.attributes
                0x0000000000000690       0x2d /home/aignacio/opt/gcc-arm-none-eabi-6-2017-q1-update/bin/../lib/gcc/arm-none-eabi/6.3.1/../../../../arm-none-eabi/lib/thumb/v7-m/libg_nano.a(lib_a-nano-vfprintf_i.o)
 .ARM.attributes
                0x00000000000006bd       0x2d /home/aignacio/opt/gcc-arm-none-eabi-6-2017-q1-update/bin/../lib/gcc/arm-none-eabi/6.3.1/../../../../arm-none-eabi/lib/thumb/v7-m/libg_nano.a(lib_a-memchr-stub.o)
 .ARM.attributes
                0x00000000000006ea       0x2d /home/aignacio/opt/gcc-arm-none-eabi-6-2017-q1-update/bin/../lib/gcc/arm-none-eabi/6.3.1/../../../../arm-none-eabi/lib/thumb/v7-m/libg_nano.a(lib_a-memmove.o)
 .ARM.attributes
                0x0000000000000717       0x2d /home/aignacio/opt/gcc-arm-none-eabi-6-2017-q1-update/bin/../lib/gcc/arm-none-eabi/6.3.1/../../../../arm-none-eabi/lib/thumb/v7-m/libg_nano.a(lib_a-nano-freer.o)
 .ARM.attributes
                0x0000000000000744       0x2d /home/aignacio/opt/gcc-arm-none-eabi-6-2017-q1-update/bin/../lib/gcc/arm-none-eabi/6.3.1/../../../../arm-none-eabi/lib/thumb/v7-m/libg_nano.a(lib_a-nano-mallocr.o)
 .ARM.attributes
                0x0000000000000771       0x2d /home/aignacio/opt/gcc-arm-none-eabi-6-2017-q1-update/bin/../lib/gcc/arm-none-eabi/6.3.1/../../../../arm-none-eabi/lib/thumb/v7-m/libg_nano.a(lib_a-nano-reallocr.o)
 .ARM.attributes
                0x000000000000079e       0x2d /home/aignacio/opt/gcc-arm-none-eabi-6-2017-q1-update/bin/../lib/gcc/arm-none-eabi/6.3.1/../../../../arm-none-eabi/lib/thumb/v7-m/libg_nano.a(lib_a-sbrkr.o)
 .ARM.attributes
                0x00000000000007cb       0x2d /home/aignacio/opt/gcc-arm-none-eabi-6-2017-q1-update/bin/../lib/gcc/arm-none-eabi/6.3.1/../../../../arm-none-eabi/lib/thumb/v7-m/libg_nano.a(lib_a-mlock.o)
 .ARM.attributes
                0x00000000000007f8       0x2d /home/aignacio/opt/gcc-arm-none-eabi-6-2017-q1-update/bin/../lib/gcc/arm-none-eabi/6.3.1/../../../../arm-none-eabi/lib/thumb/v7-m/libg_nano.a(lib_a-nano-msizer.o)

.debug
 *(.debug)

.line
 *(.line)

.debug_srcinfo
 *(.debug_srcinfo)

.debug_sfnames
 *(.debug_sfnames)

.debug_aranges  0x0000000000000000      0xb08
 *(.debug_aranges)
 .debug_aranges
                0x0000000000000000       0xb0 ./system/src/stm32f1xx/stm32f1xx_hal.o
 .debug_aranges
                0x00000000000000b0       0x90 ./system/src/stm32f1xx/stm32f1xx_hal_cortex.o
 .debug_aranges
                0x0000000000000140      0x120 ./system/src/stm32f1xx/stm32f1xx_hal_pcd.o
 .debug_aranges
                0x0000000000000260       0x28 ./system/src/stm32f1xx/stm32f1xx_hal_pcd_ex.o
 .debug_aranges
                0x0000000000000288       0x88 ./system/src/stm32f1xx/stm32f1xx_hal_rcc.o
 .debug_aranges
                0x0000000000000310       0x30 ./system/src/stm32f1xx/stm32f1xx_hal_rcc_ex.o
 .debug_aranges
                0x0000000000000340      0x100 ./system/src/stm32f1xx/stm32f1xx_ll_usb.o
 .debug_aranges
                0x0000000000000440       0x28 ./system/src/newlib/_exit.o
 .debug_aranges
                0x0000000000000468       0x20 ./system/src/newlib/_sbrk.o
 .debug_aranges
                0x0000000000000488       0x40 ./system/src/newlib/_startup.o
 .debug_aranges
                0x00000000000004c8       0x30 ./system/src/newlib/_syscalls.o
 .debug_aranges
                0x00000000000004f8       0x38 ./system/src/diag/Trace.o
 .debug_aranges
                0x0000000000000530       0x30 ./system/src/diag/trace_impl.o
 .debug_aranges
                0x0000000000000560       0x28 ./system/src/cortexm/_initialize_hardware.o
 .debug_aranges
                0x0000000000000588       0x90 ./system/src/cortexm/exception_handlers.o
 .debug_aranges
                0x0000000000000618       0x28 ./system/src/cmsis/startup_stm32f103xb.o
 .debug_aranges
                0x0000000000000640       0x28 ./system/src/cmsis/system_stm32f1xx.o
 .debug_aranges
                0x0000000000000668       0x38 ./src/main.o
 .debug_aranges
                0x00000000000006a0       0x20 ./src/stm32f1xx_hal_msp.o
 .debug_aranges
                0x00000000000006c0       0x68 ./src/stm32f1xx_it.o
 .debug_aranges
                0x0000000000000728       0x20 ./src/usb_device.o
 .debug_aranges
                0x0000000000000748       0x40 ./src/usbd_cdc_if.o
 .debug_aranges
                0x0000000000000788      0x110 ./src/usbd_conf.o
 .debug_aranges
                0x0000000000000898       0x50 ./src/usbd_desc.o
 .debug_aranges
                0x00000000000008e8       0xb8 ./Middlewares/ST/STM32_USB_Device_Library/Core/Src/usbd_core.o
 .debug_aranges
                0x00000000000009a0       0x88 ./Middlewares/ST/STM32_USB_Device_Library/Core/Src/usbd_ctlreq.o
 .debug_aranges
                0x0000000000000a28       0x50 ./Middlewares/ST/STM32_USB_Device_Library/Core/Src/usbd_ioreq.o
 .debug_aranges
                0x0000000000000a78       0x90 ./Middlewares/ST/STM32_USB_Device_Library/Class/CDC/Src/usbd_cdc.o

.debug_pubnames
 *(.debug_pubnames)

.debug_info     0x0000000000000000    0x1a5b3
 *(.debug_info .gnu.linkonce.wi.*)
 .debug_info    0x0000000000000000      0xef9 ./system/src/stm32f1xx/stm32f1xx_hal.o
 .debug_info    0x0000000000000ef9     0x145f ./system/src/stm32f1xx/stm32f1xx_hal_cortex.o
 .debug_info    0x0000000000002358     0x19b7 ./system/src/stm32f1xx/stm32f1xx_hal_pcd.o
 .debug_info    0x0000000000003d0f      0xde6 ./system/src/stm32f1xx/stm32f1xx_hal_pcd_ex.o
 .debug_info    0x0000000000004af5     0x1a95 ./system/src/stm32f1xx/stm32f1xx_hal_rcc.o
 .debug_info    0x000000000000658a      0xdb7 ./system/src/stm32f1xx/stm32f1xx_hal_rcc_ex.o
 .debug_info    0x0000000000007341     0x16f4 ./system/src/stm32f1xx/stm32f1xx_ll_usb.o
 .debug_info    0x0000000000008a35      0x95d ./system/src/newlib/_exit.o
 .debug_info    0x0000000000009392      0x949 ./system/src/newlib/_sbrk.o
 .debug_info    0x0000000000009cdb      0x435 ./system/src/newlib/_startup.o
 .debug_info    0x000000000000a110      0xa20 ./system/src/newlib/_syscalls.o
 .debug_info    0x000000000000ab30      0xb3c ./system/src/diag/Trace.o
 .debug_info    0x000000000000b66c      0xbd0 ./system/src/diag/trace_impl.o
 .debug_info    0x000000000000c23c      0x301 ./system/src/cortexm/_initialize_hardware.o
 .debug_info    0x000000000000c53d     0x1196 ./system/src/cortexm/exception_handlers.o
 .debug_info    0x000000000000d6d3       0x75 ./system/src/cmsis/startup_stm32f103xb.o
 .debug_info    0x000000000000d748      0x3d1 ./system/src/cmsis/system_stm32f1xx.o
 .debug_info    0x000000000000db19     0x1358 ./src/main.o
 .debug_info    0x000000000000ee71      0xc2e ./src/stm32f1xx_hal_msp.o
 .debug_info    0x000000000000fa9f      0xe14 ./src/stm32f1xx_it.o
 .debug_info    0x00000000000108b3      0xe5a ./src/usb_device.o
 .debug_info    0x000000000001170d     0x10ad ./src/usbd_cdc_if.o
 .debug_info    0x00000000000127ba     0x2047 ./src/usbd_conf.o
 .debug_info    0x0000000000014801      0xd59 ./src/usbd_desc.o
 .debug_info    0x000000000001555a     0x1490 ./Middlewares/ST/STM32_USB_Device_Library/Core/Src/usbd_core.o
 .debug_info    0x00000000000169ea     0x1666 ./Middlewares/ST/STM32_USB_Device_Library/Core/Src/usbd_ctlreq.o
 .debug_info    0x0000000000018050      0xfd9 ./Middlewares/ST/STM32_USB_Device_Library/Core/Src/usbd_ioreq.o
 .debug_info    0x0000000000019029     0x158a ./Middlewares/ST/STM32_USB_Device_Library/Class/CDC/Src/usbd_cdc.o

.debug_abbrev   0x0000000000000000     0x44a6
 *(.debug_abbrev)
 .debug_abbrev  0x0000000000000000      0x336 ./system/src/stm32f1xx/stm32f1xx_hal.o
 .debug_abbrev  0x0000000000000336      0x3af ./system/src/stm32f1xx/stm32f1xx_hal_cortex.o
 .debug_abbrev  0x00000000000006e5      0x355 ./system/src/stm32f1xx/stm32f1xx_hal_pcd.o
 .debug_abbrev  0x0000000000000a3a      0x230 ./system/src/stm32f1xx/stm32f1xx_hal_pcd_ex.o
 .debug_abbrev  0x0000000000000c6a      0x347 ./system/src/stm32f1xx/stm32f1xx_hal_rcc.o
 .debug_abbrev  0x0000000000000fb1      0x313 ./system/src/stm32f1xx/stm32f1xx_hal_rcc_ex.o
 .debug_abbrev  0x00000000000012c4      0x2c1 ./system/src/stm32f1xx/stm32f1xx_ll_usb.o
 .debug_abbrev  0x0000000000001585      0x1f3 ./system/src/newlib/_exit.o
 .debug_abbrev  0x0000000000001778      0x1fc ./system/src/newlib/_sbrk.o
 .debug_abbrev  0x0000000000001974      0x1b3 ./system/src/newlib/_startup.o
 .debug_abbrev  0x0000000000001b27      0x234 ./system/src/newlib/_syscalls.o
 .debug_abbrev  0x0000000000001d5b      0x276 ./system/src/diag/Trace.o
 .debug_abbrev  0x0000000000001fd1      0x2ef ./system/src/diag/trace_impl.o
 .debug_abbrev  0x00000000000022c0       0xea ./system/src/cortexm/_initialize_hardware.o
 .debug_abbrev  0x00000000000023aa      0x329 ./system/src/cortexm/exception_handlers.o
 .debug_abbrev  0x00000000000026d3       0x12 ./system/src/cmsis/startup_stm32f103xb.o
 .debug_abbrev  0x00000000000026e5      0x132 ./system/src/cmsis/system_stm32f1xx.o
 .debug_abbrev  0x0000000000002817      0x2d0 ./src/main.o
 .debug_abbrev  0x0000000000002ae7      0x232 ./src/stm32f1xx_hal_msp.o
 .debug_abbrev  0x0000000000002d19      0x21b ./src/stm32f1xx_it.o
 .debug_abbrev  0x0000000000002f34      0x216 ./src/usb_device.o
 .debug_abbrev  0x000000000000314a      0x2be ./src/usbd_cdc_if.o
 .debug_abbrev  0x0000000000003408      0x31a ./src/usbd_conf.o
 .debug_abbrev  0x0000000000003722      0x272 ./src/usbd_desc.o
 .debug_abbrev  0x0000000000003994      0x2c6 ./Middlewares/ST/STM32_USB_Device_Library/Core/Src/usbd_core.o
 .debug_abbrev  0x0000000000003c5a      0x327 ./Middlewares/ST/STM32_USB_Device_Library/Core/Src/usbd_ctlreq.o
 .debug_abbrev  0x0000000000003f81      0x213 ./Middlewares/ST/STM32_USB_Device_Library/Core/Src/usbd_ioreq.o
 .debug_abbrev  0x0000000000004194      0x312 ./Middlewares/ST/STM32_USB_Device_Library/Class/CDC/Src/usbd_cdc.o

.debug_line     0x0000000000000000     0xaad2
 *(.debug_line)
 .debug_line    0x0000000000000000      0x70c ./system/src/stm32f1xx/stm32f1xx_hal.o
 .debug_line    0x000000000000070c      0x758 ./system/src/stm32f1xx/stm32f1xx_hal_cortex.o
 .debug_line    0x0000000000000e64      0xa90 ./system/src/stm32f1xx/stm32f1xx_hal_pcd.o
 .debug_line    0x00000000000018f4      0x5dd ./system/src/stm32f1xx/stm32f1xx_hal_pcd_ex.o
 .debug_line    0x0000000000001ed1      0xa76 ./system/src/stm32f1xx/stm32f1xx_hal_rcc.o
 .debug_line    0x0000000000002947      0x6c1 ./system/src/stm32f1xx/stm32f1xx_hal_rcc_ex.o
 .debug_line    0x0000000000003008      0x9c7 ./system/src/stm32f1xx/stm32f1xx_ll_usb.o
 .debug_line    0x00000000000039cf      0x344 ./system/src/newlib/_exit.o
 .debug_line    0x0000000000003d13      0x2f8 ./system/src/newlib/_sbrk.o
 .debug_line    0x000000000000400b      0x3b2 ./system/src/newlib/_startup.o
 .debug_line    0x00000000000043bd      0x40d ./system/src/newlib/_syscalls.o
 .debug_line    0x00000000000047ca      0x3d6 ./system/src/diag/Trace.o
 .debug_line    0x0000000000004ba0      0x48d ./system/src/diag/trace_impl.o
 .debug_line    0x000000000000502d      0x1a4 ./system/src/cortexm/_initialize_hardware.o
 .debug_line    0x00000000000051d1      0x538 ./system/src/cortexm/exception_handlers.o
 .debug_line    0x0000000000005709       0x86 ./system/src/cmsis/startup_stm32f103xb.o
 .debug_line    0x000000000000578f      0x1b9 ./system/src/cmsis/system_stm32f1xx.o
 .debug_line    0x0000000000005948      0x6b3 ./src/main.o
 .debug_line    0x0000000000005ffb      0x5b4 ./src/stm32f1xx_hal_msp.o
 .debug_line    0x00000000000065af      0x64b ./src/stm32f1xx_it.o
 .debug_line    0x0000000000006bfa      0x6e8 ./src/usb_device.o
 .debug_line    0x00000000000072e2      0x718 ./src/usbd_cdc_if.o
 .debug_line    0x00000000000079fa      0x945 ./src/usbd_conf.o
 .debug_line    0x000000000000833f      0x6fa ./src/usbd_desc.o
 .debug_line    0x0000000000008a39      0x886 ./Middlewares/ST/STM32_USB_Device_Library/Core/Src/usbd_core.o
 .debug_line    0x00000000000092bf      0x89b ./Middlewares/ST/STM32_USB_Device_Library/Core/Src/usbd_ctlreq.o
 .debug_line    0x0000000000009b5a      0x711 ./Middlewares/ST/STM32_USB_Device_Library/Core/Src/usbd_ioreq.o
 .debug_line    0x000000000000a26b      0x867 ./Middlewares/ST/STM32_USB_Device_Library/Class/CDC/Src/usbd_cdc.o

.debug_frame    0x0000000000000000     0x1ba8
 *(.debug_frame)
 .debug_frame   0x0000000000000000      0x168 ./system/src/stm32f1xx/stm32f1xx_hal.o
 .debug_frame   0x0000000000000168      0x12c ./system/src/stm32f1xx/stm32f1xx_hal_cortex.o
 .debug_frame   0x0000000000000294      0x2e8 ./system/src/stm32f1xx/stm32f1xx_hal_pcd.o
 .debug_frame   0x000000000000057c       0x30 ./system/src/stm32f1xx/stm32f1xx_hal_pcd_ex.o
 .debug_frame   0x00000000000005ac      0x154 ./system/src/stm32f1xx/stm32f1xx_hal_rcc.o
 .debug_frame   0x0000000000000700       0x6c ./system/src/stm32f1xx/stm32f1xx_hal_rcc_ex.o
 .debug_frame   0x000000000000076c      0x234 ./system/src/stm32f1xx/stm32f1xx_ll_usb.o
 .debug_frame   0x00000000000009a0       0x38 ./system/src/newlib/_exit.o
 .debug_frame   0x00000000000009d8       0x28 ./system/src/newlib/_sbrk.o
 .debug_frame   0x0000000000000a00       0x7c ./system/src/newlib/_startup.o
 .debug_frame   0x0000000000000a7c       0x50 ./system/src/newlib/_syscalls.o
 .debug_frame   0x0000000000000acc       0x94 ./system/src/diag/Trace.o
 .debug_frame   0x0000000000000b60       0x64 ./system/src/diag/trace_impl.o
 .debug_frame   0x0000000000000bc4       0x40 ./system/src/cortexm/_initialize_hardware.o
 .debug_frame   0x0000000000000c04      0x158 ./system/src/cortexm/exception_handlers.o
 .debug_frame   0x0000000000000d5c       0x30 ./system/src/cmsis/system_stm32f1xx.o
 .debug_frame   0x0000000000000d8c       0x74 ./src/main.o
 .debug_frame   0x0000000000000e00       0x2c ./src/stm32f1xx_hal_msp.o
 .debug_frame   0x0000000000000e2c       0xc0 ./src/stm32f1xx_it.o
 .debug_frame   0x0000000000000eec       0x28 ./src/usb_device.o
 .debug_frame   0x0000000000000f14       0x78 ./src/usbd_cdc_if.o
 .debug_frame   0x0000000000000f8c      0x2dc ./src/usbd_conf.o
 .debug_frame   0x0000000000001268       0xa8 ./src/usbd_desc.o
 .debug_frame   0x0000000000001310      0x1bc ./Middlewares/ST/STM32_USB_Device_Library/Core/Src/usbd_core.o
 .debug_frame   0x00000000000014cc      0x178 ./Middlewares/ST/STM32_USB_Device_Library/Core/Src/usbd_ctlreq.o
 .debug_frame   0x0000000000001644       0xb8 ./Middlewares/ST/STM32_USB_Device_Library/Core/Src/usbd_ioreq.o
 .debug_frame   0x00000000000016fc      0x14c ./Middlewares/ST/STM32_USB_Device_Library/Class/CDC/Src/usbd_cdc.o
 .debug_frame   0x0000000000001848       0x20 /home/aignacio/opt/gcc-arm-none-eabi-6-2017-q1-update/bin/../lib/gcc/arm-none-eabi/6.3.1/../../../../arm-none-eabi/lib/thumb/v7-m/libg_nano.a(lib_a-errno.o)
 .debug_frame   0x0000000000001868       0x28 /home/aignacio/opt/gcc-arm-none-eabi-6-2017-q1-update/bin/../lib/gcc/arm-none-eabi/6.3.1/../../../../arm-none-eabi/lib/thumb/v7-m/libg_nano.a(lib_a-memcpy-stub.o)
 .debug_frame   0x0000000000001890       0x70 /home/aignacio/opt/gcc-arm-none-eabi-6-2017-q1-update/bin/../lib/gcc/arm-none-eabi/6.3.1/../../../../arm-none-eabi/lib/thumb/v7-m/libg_nano.a(lib_a-sprintf.o)
 .debug_frame   0x0000000000001900       0x4c /home/aignacio/opt/gcc-arm-none-eabi-6-2017-q1-update/bin/../lib/gcc/arm-none-eabi/6.3.1/../../../../arm-none-eabi/lib/thumb/v7-m/libg_nano.a(lib_a-vsnprintf.o)
 .debug_frame   0x000000000000194c       0x90 /home/aignacio/opt/gcc-arm-none-eabi-6-2017-q1-update/bin/../lib/gcc/arm-none-eabi/6.3.1/../../../../arm-none-eabi/lib/thumb/v7-m/libg_nano.a(lib_a-nano-svfprintf.o)
 .debug_frame   0x00000000000019dc       0x60 /home/aignacio/opt/gcc-arm-none-eabi-6-2017-q1-update/bin/../lib/gcc/arm-none-eabi/6.3.1/../../../../arm-none-eabi/lib/thumb/v7-m/libg_nano.a(lib_a-nano-vfprintf_i.o)
 .debug_frame   0x0000000000001a3c       0x28 /home/aignacio/opt/gcc-arm-none-eabi-6-2017-q1-update/bin/../lib/gcc/arm-none-eabi/6.3.1/../../../../arm-none-eabi/lib/thumb/v7-m/libg_nano.a(lib_a-memchr-stub.o)
 .debug_frame   0x0000000000001a64       0x28 /home/aignacio/opt/gcc-arm-none-eabi-6-2017-q1-update/bin/../lib/gcc/arm-none-eabi/6.3.1/../../../../arm-none-eabi/lib/thumb/v7-m/libg_nano.a(lib_a-memmove.o)
 .debug_frame   0x0000000000001a8c       0x38 /home/aignacio/opt/gcc-arm-none-eabi-6-2017-q1-update/bin/../lib/gcc/arm-none-eabi/6.3.1/../../../../arm-none-eabi/lib/thumb/v7-m/libg_nano.a(lib_a-nano-freer.o)
 .debug_frame   0x0000000000001ac4       0x2c /home/aignacio/opt/gcc-arm-none-eabi-6-2017-q1-update/bin/../lib/gcc/arm-none-eabi/6.3.1/../../../../arm-none-eabi/lib/thumb/v7-m/libg_nano.a(lib_a-nano-mallocr.o)
 .debug_frame   0x0000000000001af0       0x3c /home/aignacio/opt/gcc-arm-none-eabi-6-2017-q1-update/bin/../lib/gcc/arm-none-eabi/6.3.1/../../../../arm-none-eabi/lib/thumb/v7-m/libg_nano.a(lib_a-nano-reallocr.o)
 .debug_frame   0x0000000000001b2c       0x2c /home/aignacio/opt/gcc-arm-none-eabi-6-2017-q1-update/bin/../lib/gcc/arm-none-eabi/6.3.1/../../../../arm-none-eabi/lib/thumb/v7-m/libg_nano.a(lib_a-sbrkr.o)
 .debug_frame   0x0000000000001b58       0x30 /home/aignacio/opt/gcc-arm-none-eabi-6-2017-q1-update/bin/../lib/gcc/arm-none-eabi/6.3.1/../../../../arm-none-eabi/lib/thumb/v7-m/libg_nano.a(lib_a-mlock.o)
 .debug_frame   0x0000000000001b88       0x20 /home/aignacio/opt/gcc-arm-none-eabi-6-2017-q1-update/bin/../lib/gcc/arm-none-eabi/6.3.1/../../../../arm-none-eabi/lib/thumb/v7-m/libg_nano.a(lib_a-nano-msizer.o)

.debug_str      0x0000000000000000    0x8b203
 *(.debug_str)
 .debug_str     0x0000000000000000    0x85914 ./system/src/stm32f1xx/stm32f1xx_hal.o
                                      0x85eb9 (size before relaxing)
 .debug_str     0x0000000000085914      0x2b9 ./system/src/stm32f1xx/stm32f1xx_hal_cortex.o
                                      0x85ea5 (size before relaxing)
 .debug_str     0x0000000000085bcd      0x7d4 ./system/src/stm32f1xx/stm32f1xx_hal_pcd.o
                                      0x8605f (size before relaxing)
 .debug_str     0x00000000000863a1       0x4b ./system/src/stm32f1xx/stm32f1xx_hal_pcd_ex.o
                                      0x85b2c (size before relaxing)
 .debug_str     0x00000000000863ec      0x3ec ./system/src/stm32f1xx/stm32f1xx_hal_rcc.o
                                      0x85cbe (size before relaxing)
 .debug_str     0x00000000000867d8      0x11f ./system/src/stm32f1xx/stm32f1xx_hal_rcc_ex.o
                                      0x859c8 (size before relaxing)
 .debug_str     0x00000000000868f7      0x14f ./system/src/stm32f1xx/stm32f1xx_ll_usb.o
                                      0x85cff (size before relaxing)
 .debug_str     0x0000000000086a46     0x10fa ./system/src/newlib/_exit.o
                                       0x74ae (size before relaxing)
 .debug_str     0x0000000000087b40      0x4f5 ./system/src/newlib/_sbrk.o
                                       0x6860 (size before relaxing)
 .debug_str     0x0000000000088035      0x260 ./system/src/newlib/_startup.o
                                       0x6022 (size before relaxing)
 .debug_str     0x0000000000088295      0xe2c ./system/src/newlib/_syscalls.o
                                       0x76dc (size before relaxing)
 .debug_str     0x00000000000890c1      0x176 ./system/src/diag/Trace.o
                                       0x7d80 (size before relaxing)
 .debug_str     0x0000000000089237      0x36d ./system/src/diag/trace_impl.o
                                      0x5ee05 (size before relaxing)
 .debug_str     0x00000000000895a4       0x5e ./system/src/cortexm/_initialize_hardware.o
                                      0x59cd0 (size before relaxing)
 .debug_str     0x0000000000089602      0x19d ./system/src/cortexm/exception_handlers.o
                                      0x5ef7e (size before relaxing)
 .debug_str     0x000000000008979f       0x4d ./system/src/cmsis/system_stm32f1xx.o
                                      0x59d24 (size before relaxing)
 .debug_str     0x00000000000897ec      0xc29 ./src/main.o
                                      0x86b29 (size before relaxing)
 .debug_str     0x000000000008a415       0x1b ./src/stm32f1xx_hal_msp.o
                                      0x85b0b (size before relaxing)
 .debug_str     0x000000000008a430       0x34 ./src/stm32f1xx_it.o
                                      0x85b8e (size before relaxing)
 .debug_str     0x000000000008a464      0x3a7 ./src/usb_device.o
                                      0x86906 (size before relaxing)
 .debug_str     0x000000000008a80b      0x190 ./src/usbd_cdc_if.o
                                      0x86a37 (size before relaxing)
 .debug_str     0x000000000008a99b      0x22b ./src/usbd_conf.o
                                      0x873dd (size before relaxing)
 .debug_str     0x000000000008abc6      0x22e ./src/usbd_desc.o
                                      0x86565 (size before relaxing)
 .debug_str     0x000000000008adf4      0x141 ./Middlewares/ST/STM32_USB_Device_Library/Core/Src/usbd_core.o
                                      0x86887 (size before relaxing)
 .debug_str     0x000000000008af35       0xe5 ./Middlewares/ST/STM32_USB_Device_Library/Core/Src/usbd_ctlreq.o
                                      0x867a1 (size before relaxing)
 .debug_str     0x000000000008b01a       0x63 ./Middlewares/ST/STM32_USB_Device_Library/Core/Src/usbd_ioreq.o
                                      0x866ce (size before relaxing)
 .debug_str     0x000000000008b07d      0x186 ./Middlewares/ST/STM32_USB_Device_Library/Class/CDC/Src/usbd_cdc.o
                                      0x86bc6 (size before relaxing)

.debug_loc      0x0000000000000000     0x5a73
 *(.debug_loc)
 .debug_loc     0x0000000000000000       0x81 ./system/src/stm32f1xx/stm32f1xx_hal.o
 .debug_loc     0x0000000000000081      0x5ad ./system/src/stm32f1xx/stm32f1xx_hal_cortex.o
 .debug_loc     0x000000000000062e      0xa61 ./system/src/stm32f1xx/stm32f1xx_hal_pcd.o
 .debug_loc     0x000000000000108f       0xf4 ./system/src/stm32f1xx/stm32f1xx_hal_pcd_ex.o
 .debug_loc     0x0000000000001183      0x8b3 ./system/src/stm32f1xx/stm32f1xx_hal_rcc.o
 .debug_loc     0x0000000000001a36      0x32a ./system/src/stm32f1xx/stm32f1xx_hal_rcc_ex.o
 .debug_loc     0x0000000000001d60      0xc18 ./system/src/stm32f1xx/stm32f1xx_ll_usb.o
 .debug_loc     0x0000000000002978       0x85 ./system/src/newlib/_sbrk.o
 .debug_loc     0x00000000000029fd      0x19e ./system/src/newlib/_startup.o
 .debug_loc     0x0000000000002b9b       0x63 ./system/src/newlib/_syscalls.o
 .debug_loc     0x0000000000002bfe       0xf6 ./system/src/diag/Trace.o
 .debug_loc     0x0000000000002cf4      0x121 ./system/src/diag/trace_impl.o
 .debug_loc     0x0000000000002e15      0x291 ./system/src/cortexm/exception_handlers.o
 .debug_loc     0x00000000000030a6       0xdf ./system/src/cmsis/system_stm32f1xx.o
 .debug_loc     0x0000000000003185       0x48 ./src/main.o
 .debug_loc     0x00000000000031cd      0x113 ./src/usbd_cdc_if.o
 .debug_loc     0x00000000000032e0      0xb53 ./src/usbd_conf.o
 .debug_loc     0x0000000000003e33      0x2b7 ./src/usbd_desc.o
 .debug_loc     0x00000000000040ea      0x71c ./Middlewares/ST/STM32_USB_Device_Library/Core/Src/usbd_core.o
 .debug_loc     0x0000000000004806      0xb78 ./Middlewares/ST/STM32_USB_Device_Library/Core/Src/usbd_ctlreq.o
 .debug_loc     0x000000000000537e      0x23c ./Middlewares/ST/STM32_USB_Device_Library/Core/Src/usbd_ioreq.o
 .debug_loc     0x00000000000055ba      0x4b9 ./Middlewares/ST/STM32_USB_Device_Library/Class/CDC/Src/usbd_cdc.o

.debug_macinfo
 *(.debug_macinfo)

.debug_weaknames
 *(.debug_weaknames)

.debug_funcnames
 *(.debug_funcnames)

.debug_typenames
 *(.debug_typenames)

.debug_varnames
 *(.debug_varnames)
OUTPUT(test_3.elf elf32-littlearm)

.debug_ranges   0x0000000000000000      0xb30
 .debug_ranges  0x0000000000000000       0xa0 ./system/src/stm32f1xx/stm32f1xx_hal.o
 .debug_ranges  0x00000000000000a0       0xe0 ./system/src/stm32f1xx/stm32f1xx_hal_cortex.o
 .debug_ranges  0x0000000000000180      0x140 ./system/src/stm32f1xx/stm32f1xx_hal_pcd.o
 .debug_ranges  0x00000000000002c0       0x18 ./system/src/stm32f1xx/stm32f1xx_hal_pcd_ex.o
 .debug_ranges  0x00000000000002d8       0x78 ./system/src/stm32f1xx/stm32f1xx_hal_rcc.o
 .debug_ranges  0x0000000000000350       0x20 ./system/src/stm32f1xx/stm32f1xx_hal_rcc_ex.o
 .debug_ranges  0x0000000000000370      0x1e0 ./system/src/stm32f1xx/stm32f1xx_ll_usb.o
 .debug_ranges  0x0000000000000550       0x18 ./system/src/newlib/_exit.o
 .debug_ranges  0x0000000000000568       0x10 ./system/src/newlib/_sbrk.o
 .debug_ranges  0x0000000000000578       0x78 ./system/src/newlib/_startup.o
 .debug_ranges  0x00000000000005f0       0x20 ./system/src/newlib/_syscalls.o
 .debug_ranges  0x0000000000000610       0x28 ./system/src/diag/Trace.o
 .debug_ranges  0x0000000000000638       0x38 ./system/src/diag/trace_impl.o
 .debug_ranges  0x0000000000000670       0x18 ./system/src/cortexm/_initialize_hardware.o
 .debug_ranges  0x0000000000000688       0x80 ./system/src/cortexm/exception_handlers.o
 .debug_ranges  0x0000000000000708       0x20 ./system/src/cmsis/startup_stm32f103xb.o
 .debug_ranges  0x0000000000000728       0x18 ./system/src/cmsis/system_stm32f1xx.o
 .debug_ranges  0x0000000000000740       0x28 ./src/main.o
 .debug_ranges  0x0000000000000768       0x10 ./src/stm32f1xx_hal_msp.o
 .debug_ranges  0x0000000000000778       0x58 ./src/stm32f1xx_it.o
 .debug_ranges  0x00000000000007d0       0x10 ./src/usb_device.o
 .debug_ranges  0x00000000000007e0       0x30 ./src/usbd_cdc_if.o
 .debug_ranges  0x0000000000000810      0x100 ./src/usbd_conf.o
 .debug_ranges  0x0000000000000910       0x40 ./src/usbd_desc.o
 .debug_ranges  0x0000000000000950       0xa8 ./Middlewares/ST/STM32_USB_Device_Library/Core/Src/usbd_core.o
 .debug_ranges  0x00000000000009f8       0x78 ./Middlewares/ST/STM32_USB_Device_Library/Core/Src/usbd_ctlreq.o
 .debug_ranges  0x0000000000000a70       0x40 ./Middlewares/ST/STM32_USB_Device_Library/Core/Src/usbd_ioreq.o
 .debug_ranges  0x0000000000000ab0       0x80 ./Middlewares/ST/STM32_USB_Device_Library/Class/CDC/Src/usbd_cdc.o

.debug_macro    0x0000000000000000    0x1bba8
 .debug_macro   0x0000000000000000      0x2f5 ./system/src/stm32f1xx/stm32f1xx_hal.o
 .debug_macro   0x00000000000002f5      0x8b0 ./system/src/stm32f1xx/stm32f1xx_hal.o
 .debug_macro   0x0000000000000ba5       0x10 ./system/src/stm32f1xx/stm32f1xx_hal.o
 .debug_macro   0x0000000000000bb5      0x15b ./system/src/stm32f1xx/stm32f1xx_hal.o
 .debug_macro   0x0000000000000d10       0x2e ./system/src/stm32f1xx/stm32f1xx_hal.o
 .debug_macro   0x0000000000000d3e       0x22 ./system/src/stm32f1xx/stm32f1xx_hal.o
 .debug_macro   0x0000000000000d60      0x34e ./system/src/stm32f1xx/stm32f1xx_hal.o
 .debug_macro   0x00000000000010ae       0x34 ./system/src/stm32f1xx/stm32f1xx_hal.o
 .debug_macro   0x00000000000010e2       0x34 ./system/src/stm32f1xx/stm32f1xx_hal.o
 .debug_macro   0x0000000000001116      0xb8e ./system/src/stm32f1xx/stm32f1xx_hal.o
 .debug_macro   0x0000000000001ca4     0xf2f7 ./system/src/stm32f1xx/stm32f1xx_hal.o
 .debug_macro   0x0000000000010f9b       0x43 ./system/src/stm32f1xx/stm32f1xx_hal.o
 .debug_macro   0x0000000000010fde     0x3383 ./system/src/stm32f1xx/stm32f1xx_hal.o
 .debug_macro   0x0000000000014361       0x22 ./system/src/stm32f1xx/stm32f1xx_hal.o
 .debug_macro   0x0000000000014383       0x52 ./system/src/stm32f1xx/stm32f1xx_hal.o
 .debug_macro   0x00000000000143d5       0x8d ./system/src/stm32f1xx/stm32f1xx_hal.o
 .debug_macro   0x0000000000014462       0x35 ./system/src/stm32f1xx/stm32f1xx_hal.o
 .debug_macro   0x0000000000014497       0x9c ./system/src/stm32f1xx/stm32f1xx_hal.o
 .debug_macro   0x0000000000014533       0x16 ./system/src/stm32f1xx/stm32f1xx_hal.o
 .debug_macro   0x0000000000014549       0x57 ./system/src/stm32f1xx/stm32f1xx_hal.o
 .debug_macro   0x00000000000145a0       0x97 ./system/src/stm32f1xx/stm32f1xx_hal.o
 .debug_macro   0x0000000000014637      0x30d ./system/src/stm32f1xx/stm32f1xx_hal.o
 .debug_macro   0x0000000000014944       0xfd ./system/src/stm32f1xx/stm32f1xx_hal.o
 .debug_macro   0x0000000000014a41       0x10 ./system/src/stm32f1xx/stm32f1xx_hal.o
 .debug_macro   0x0000000000014a51       0x58 ./system/src/stm32f1xx/stm32f1xx_hal.o
 .debug_macro   0x0000000000014aa9       0x1f ./system/src/stm32f1xx/stm32f1xx_hal.o
 .debug_macro   0x0000000000014ac8       0x43 ./system/src/stm32f1xx/stm32f1xx_hal.o
 .debug_macro   0x0000000000014b0b       0x20 ./system/src/stm32f1xx/stm32f1xx_hal.o
 .debug_macro   0x0000000000014b2b      0x187 ./system/src/stm32f1xx/stm32f1xx_hal.o
 .debug_macro   0x0000000000014cb2       0x10 ./system/src/stm32f1xx/stm32f1xx_hal.o
 .debug_macro   0x0000000000014cc2       0x6a ./system/src/stm32f1xx/stm32f1xx_hal.o
 .debug_macro   0x0000000000014d2c       0x1c ./system/src/stm32f1xx/stm32f1xx_hal.o
 .debug_macro   0x0000000000014d48       0x52 ./system/src/stm32f1xx/stm32f1xx_hal.o
 .debug_macro   0x0000000000014d9a       0x40 ./system/src/stm32f1xx/stm32f1xx_hal.o
 .debug_macro   0x0000000000014dda       0x10 ./system/src/stm32f1xx/stm32f1xx_hal.o
 .debug_macro   0x0000000000014dea       0x40 ./system/src/stm32f1xx/stm32f1xx_hal.o
 .debug_macro   0x0000000000014e2a       0xd7 ./system/src/stm32f1xx/stm32f1xx_hal.o
 .debug_macro   0x0000000000014f01       0x16 ./system/src/stm32f1xx/stm32f1xx_hal.o
 .debug_macro   0x0000000000014f17      0x18b ./system/src/stm32f1xx/stm32f1xx_hal.o
 .debug_macro   0x00000000000150a2       0x57 ./system/src/stm32f1xx/stm32f1xx_hal.o
 .debug_macro   0x00000000000150f9      0x778 ./system/src/stm32f1xx/stm32f1xx_hal.o
 .debug_macro   0x0000000000015871      0x28b ./system/src/stm32f1xx/stm32f1xx_hal.o
 .debug_macro   0x0000000000015afc      0x141 ./system/src/stm32f1xx/stm32f1xx_hal.o
 .debug_macro   0x0000000000015c3d      0x197 ./system/src/stm32f1xx/stm32f1xx_hal.o
 .debug_macro   0x0000000000015dd4      0x1ae ./system/src/stm32f1xx/stm32f1xx_hal.o
 .debug_macro   0x0000000000015f82       0x2d ./system/src/stm32f1xx/stm32f1xx_hal.o
 .debug_macro   0x0000000000015faf       0x3c ./system/src/stm32f1xx/stm32f1xx_hal.o
 .debug_macro   0x0000000000015feb       0x57 ./system/src/stm32f1xx/stm32f1xx_hal.o
 .debug_macro   0x0000000000016042       0x8c ./system/src/stm32f1xx/stm32f1xx_hal.o
 .debug_macro   0x00000000000160ce      0x242 ./system/src/stm32f1xx/stm32f1xx_hal.o
 .debug_macro   0x0000000000016310      0x143 ./system/src/stm32f1xx/stm32f1xx_hal.o
 .debug_macro   0x0000000000016453       0x50 ./system/src/stm32f1xx/stm32f1xx_hal.o
 .debug_macro   0x00000000000164a3      0x26c ./system/src/stm32f1xx/stm32f1xx_hal.o
 .debug_macro   0x000000000001670f       0x7c ./system/src/stm32f1xx/stm32f1xx_hal.o
 .debug_macro   0x000000000001678b      0x2d1 ./system/src/stm32f1xx/stm32f1xx_hal_cortex.o
 .debug_macro   0x0000000000016a5c      0x2dd ./system/src/stm32f1xx/stm32f1xx_hal_pcd.o
 .debug_macro   0x0000000000016d39      0x2d1 ./system/src/stm32f1xx/stm32f1xx_hal_pcd_ex.o
 .debug_macro   0x000000000001700a      0x2f5 ./system/src/stm32f1xx/stm32f1xx_hal_rcc.o
 .debug_macro   0x00000000000172ff      0x2d1 ./system/src/stm32f1xx/stm32f1xx_hal_rcc_ex.o
 .debug_macro   0x00000000000175d0      0x2d1 ./system/src/stm32f1xx/stm32f1xx_ll_usb.o
 .debug_macro   0x00000000000178a1      0x1a7 ./system/src/newlib/_exit.o
 .debug_macro   0x0000000000017a48      0x10e ./system/src/newlib/_exit.o
 .debug_macro   0x0000000000017b56       0x8d ./system/src/newlib/_exit.o
 .debug_macro   0x0000000000017be3       0x35 ./system/src/newlib/_exit.o
 .debug_macro   0x0000000000017c18      0x15c ./system/src/newlib/_sbrk.o
 .debug_macro   0x0000000000017d74      0x174 ./system/src/newlib/_sbrk.o
 .debug_macro   0x0000000000017ee8       0x10 ./system/src/newlib/_sbrk.o
 .debug_macro   0x0000000000017ef8      0x23b ./system/src/newlib/_sbrk.o
 .debug_macro   0x0000000000018133      0x166 ./system/src/newlib/_startup.o
 .debug_macro   0x0000000000018299      0x20a ./system/src/newlib/_syscalls.o
 .debug_macro   0x00000000000184a3       0x1c ./system/src/newlib/_syscalls.o
 .debug_macro   0x00000000000184bf       0x10 ./system/src/newlib/_syscalls.o
 .debug_macro   0x00000000000184cf       0x10 ./system/src/newlib/_syscalls.o
 .debug_macro   0x00000000000184df       0x10 ./system/src/newlib/_syscalls.o
 .debug_macro   0x00000000000184ef       0x35 ./system/src/newlib/_syscalls.o
 .debug_macro   0x0000000000018524      0x122 ./system/src/newlib/_syscalls.o
 .debug_macro   0x0000000000018646       0x88 ./system/src/newlib/_syscalls.o
 .debug_macro   0x00000000000186ce       0x2b ./system/src/newlib/_syscalls.o
 .debug_macro   0x00000000000186f9      0x118 ./system/src/newlib/_syscalls.o
 .debug_macro   0x0000000000018811      0x159 ./system/src/newlib/_syscalls.o
 .debug_macro   0x000000000001896a       0x16 ./system/src/newlib/_syscalls.o
 .debug_macro   0x0000000000018980      0x218 ./system/src/diag/Trace.o
 .debug_macro   0x0000000000018b98       0x4c ./system/src/diag/Trace.o
 .debug_macro   0x0000000000018be4       0x16 ./system/src/diag/Trace.o
 .debug_macro   0x0000000000018bfa      0x237 ./system/src/diag/trace_impl.o
 .debug_macro   0x0000000000018e31       0x10 ./system/src/diag/trace_impl.o
 .debug_macro   0x0000000000018e41       0xcf ./system/src/diag/trace_impl.o
 .debug_macro   0x0000000000018f10       0xbe ./system/src/diag/trace_impl.o
 .debug_macro   0x0000000000018fce       0x22 ./system/src/diag/trace_impl.o
 .debug_macro   0x0000000000018ff0       0x8a ./system/src/cortexm/_initialize_hardware.o
 .debug_macro   0x000000000001907a      0x25a ./system/src/cortexm/exception_handlers.o
 .debug_macro   0x00000000000192d4       0x3a ./system/src/cortexm/exception_handlers.o
 .debug_macro   0x000000000001930e       0x92 ./system/src/cmsis/system_stm32f1xx.o
 .debug_macro   0x00000000000193a0      0x356 ./src/main.o
 .debug_macro   0x00000000000196f6       0x6c ./src/main.o
 .debug_macro   0x0000000000019762      0x1c3 ./src/main.o
 .debug_macro   0x0000000000019925      0x2d1 ./src/stm32f1xx_hal_msp.o